Archive member included to satisfy reference by file (symbol)

d:/software/stm32cubeide/en.st-stm32cubeide_1.9.0_12015_20220302_0855_x86_64.exe_v1.9.0/stm32cubeide_1.9.0/stm32cubeide/plugins/com.st.stm32cube.ide.mcu.externaltools.gnu-tools-for-stm32.10.3-2021.10.win32_1.0.0.202111181127/tools/bin/../lib/gcc/arm-none-eabi/10.3.1/../../../../arm-none-eabi/lib/thumb/v7e-m+fp/hard\libc_nano.a(lib_a-errno.o)
                              ./Core/Src/syscalls.o (__errno)
d:/software/stm32cubeide/en.st-stm32cubeide_1.9.0_12015_20220302_0855_x86_64.exe_v1.9.0/stm32cubeide_1.9.0/stm32cubeide/plugins/com.st.stm32cube.ide.mcu.externaltools.gnu-tools-for-stm32.10.3-2021.10.win32_1.0.0.202111181127/tools/bin/../lib/gcc/arm-none-eabi/10.3.1/../../../../arm-none-eabi/lib/thumb/v7e-m+fp/hard\libc_nano.a(lib_a-exit.o)
                              d:/software/stm32cubeide/en.st-stm32cubeide_1.9.0_12015_20220302_0855_x86_64.exe_v1.9.0/stm32cubeide_1.9.0/stm32cubeide/plugins/com.st.stm32cube.ide.mcu.externaltools.gnu-tools-for-stm32.10.3-2021.10.win32_1.0.0.202111181127/tools/bin/../lib/gcc/arm-none-eabi/10.3.1/../../../../arm-none-eabi/lib/thumb/v7e-m+fp/hard/crt0.o (exit)
d:/software/stm32cubeide/en.st-stm32cubeide_1.9.0_12015_20220302_0855_x86_64.exe_v1.9.0/stm32cubeide_1.9.0/stm32cubeide/plugins/com.st.stm32cube.ide.mcu.externaltools.gnu-tools-for-stm32.10.3-2021.10.win32_1.0.0.202111181127/tools/bin/../lib/gcc/arm-none-eabi/10.3.1/../../../../arm-none-eabi/lib/thumb/v7e-m+fp/hard\libc_nano.a(lib_a-impure.o)
                              d:/software/stm32cubeide/en.st-stm32cubeide_1.9.0_12015_20220302_0855_x86_64.exe_v1.9.0/stm32cubeide_1.9.0/stm32cubeide/plugins/com.st.stm32cube.ide.mcu.externaltools.gnu-tools-for-stm32.10.3-2021.10.win32_1.0.0.202111181127/tools/bin/../lib/gcc/arm-none-eabi/10.3.1/../../../../arm-none-eabi/lib/thumb/v7e-m+fp/hard\libc_nano.a(lib_a-exit.o) (_global_impure_ptr)
d:/software/stm32cubeide/en.st-stm32cubeide_1.9.0_12015_20220302_0855_x86_64.exe_v1.9.0/stm32cubeide_1.9.0/stm32cubeide/plugins/com.st.stm32cube.ide.mcu.externaltools.gnu-tools-for-stm32.10.3-2021.10.win32_1.0.0.202111181127/tools/bin/../lib/gcc/arm-none-eabi/10.3.1/../../../../arm-none-eabi/lib/thumb/v7e-m+fp/hard\libc_nano.a(lib_a-init.o)
                              d:/software/stm32cubeide/en.st-stm32cubeide_1.9.0_12015_20220302_0855_x86_64.exe_v1.9.0/stm32cubeide_1.9.0/stm32cubeide/plugins/com.st.stm32cube.ide.mcu.externaltools.gnu-tools-for-stm32.10.3-2021.10.win32_1.0.0.202111181127/tools/bin/../lib/gcc/arm-none-eabi/10.3.1/../../../../arm-none-eabi/lib/thumb/v7e-m+fp/hard/crt0.o (__libc_init_array)
d:/software/stm32cubeide/en.st-stm32cubeide_1.9.0_12015_20220302_0855_x86_64.exe_v1.9.0/stm32cubeide_1.9.0/stm32cubeide/plugins/com.st.stm32cube.ide.mcu.externaltools.gnu-tools-for-stm32.10.3-2021.10.win32_1.0.0.202111181127/tools/bin/../lib/gcc/arm-none-eabi/10.3.1/../../../../arm-none-eabi/lib/thumb/v7e-m+fp/hard\libc_nano.a(lib_a-memset.o)
                              d:/software/stm32cubeide/en.st-stm32cubeide_1.9.0_12015_20220302_0855_x86_64.exe_v1.9.0/stm32cubeide_1.9.0/stm32cubeide/plugins/com.st.stm32cube.ide.mcu.externaltools.gnu-tools-for-stm32.10.3-2021.10.win32_1.0.0.202111181127/tools/bin/../lib/gcc/arm-none-eabi/10.3.1/../../../../arm-none-eabi/lib/thumb/v7e-m+fp/hard/crt0.o (memset)
d:/software/stm32cubeide/en.st-stm32cubeide_1.9.0_12015_20220302_0855_x86_64.exe_v1.9.0/stm32cubeide_1.9.0/stm32cubeide/plugins/com.st.stm32cube.ide.mcu.externaltools.gnu-tools-for-stm32.10.3-2021.10.win32_1.0.0.202111181127/tools/bin/../lib/gcc/arm-none-eabi/10.3.1/../../../../arm-none-eabi/lib/thumb/v7e-m+fp/hard\libc_nano.a(lib_a-puts.o)
                              ./Core/Src/main.o (puts)
d:/software/stm32cubeide/en.st-stm32cubeide_1.9.0_12015_20220302_0855_x86_64.exe_v1.9.0/stm32cubeide_1.9.0/stm32cubeide/plugins/com.st.stm32cube.ide.mcu.externaltools.gnu-tools-for-stm32.10.3-2021.10.win32_1.0.0.202111181127/tools/bin/../lib/gcc/arm-none-eabi/10.3.1/../../../../arm-none-eabi/lib/thumb/v7e-m+fp/hard\libc_nano.a(lib_a-wbuf.o)
                              d:/software/stm32cubeide/en.st-stm32cubeide_1.9.0_12015_20220302_0855_x86_64.exe_v1.9.0/stm32cubeide_1.9.0/stm32cubeide/plugins/com.st.stm32cube.ide.mcu.externaltools.gnu-tools-for-stm32.10.3-2021.10.win32_1.0.0.202111181127/tools/bin/../lib/gcc/arm-none-eabi/10.3.1/../../../../arm-none-eabi/lib/thumb/v7e-m+fp/hard\libc_nano.a(lib_a-puts.o) (__swbuf_r)
d:/software/stm32cubeide/en.st-stm32cubeide_1.9.0_12015_20220302_0855_x86_64.exe_v1.9.0/stm32cubeide_1.9.0/stm32cubeide/plugins/com.st.stm32cube.ide.mcu.externaltools.gnu-tools-for-stm32.10.3-2021.10.win32_1.0.0.202111181127/tools/bin/../lib/gcc/arm-none-eabi/10.3.1/../../../../arm-none-eabi/lib/thumb/v7e-m+fp/hard\libc_nano.a(lib_a-wsetup.o)
[...]
Memory Configuration

Name             Origin             Length             Attributes
FLASH            0x0000000008000000 0x0000000000080000 xr
RAM1             0x0000000020000004 0x000000000002fffc xrw
RAM_SHARED       0x0000000020030000 0x0000000000002800 xrw
*default*        0x0000000000000000 0xffffffffffffffff

Linker script and memory map

LOAD d:/software/stm32cubeide/en.st-stm32cubeide_1.9.0_12015_20220302_0855_x86_64.exe_v1.9.0/stm32cubeide_1.9.0/stm32cubeide/plugins/com.st.stm32cube.ide.mcu.externaltools.gnu-tools-for-stm32.10.3-2021.10.win32_1.0.0.202111181127/tools/bin/../lib/gcc/arm-none-eabi/10.3.1/thumb/v7e-m+fp/hard/crti.o
LOAD d:/software/stm32cubeide/en.st-stm32cubeide_1.9.0_12015_20220302_0855_x86_64.exe_v1.9.0/stm32cubeide_1.9.0/stm32cubeide/plugins/com.st.stm32cube.ide.mcu.externaltools.gnu-tools-for-stm32.10.3-2021.10.win32_1.0.0.202111181127/tools/bin/../lib/gcc/arm-none-eabi/10.3.1/thumb/v7e-m+fp/hard/crtbegin.o
LOAD d:/software/stm32cubeide/en.st-stm32cubeide_1.9.0_12015_20220302_0855_x86_64.exe_v1.9.0/stm32cubeide_1.9.0/stm32cubeide/plugins/com.st.stm32cube.ide.mcu.externaltools.gnu-tools-for-stm32.10.3-2021.10.win32_1.0.0.202111181127/tools/bin/../lib/gcc/arm-none-eabi/10.3.1/../../../../arm-none-eabi/lib/thumb/v7e-m+fp/hard/crt0.o
LOAD ./Core/Src/main.o
LOAD ./Core/Src/stm32wbxx_hal_msp.o
LOAD ./Core/Src/stm32wbxx_it.o
LOAD ./Core/Src/syscalls.o
LOAD ./Core/Src/sysmem.o
LOAD ./Core/Src/system_stm32wbxx.o
LOAD ./Core/Startup/startup_stm32wb55rgvx.o
LOAD ./Drivers/STM32WBxx_HAL_Driver/Src/stm32wbxx_hal.o
LOAD ./Drivers/STM32WBxx_HAL_Driver/Src/stm32wbxx_hal_cortex.o
LOAD ./Drivers/STM32WBxx_HAL_Driver/Src/stm32wbxx_hal_dma.o
LOAD ./Drivers/STM32WBxx_HAL_Driver/Src/stm32wbxx_hal_dma_ex.o
LOAD ./Drivers/STM32WBxx_HAL_Driver/Src/stm32wbxx_hal_exti.o
LOAD ./Drivers/STM32WBxx_HAL_Driver/Src/stm32wbxx_hal_flash.o
LOAD ./Drivers/STM32WBxx_HAL_Driver/Src/stm32wbxx_hal_flash_ex.o
LOAD ./Drivers/STM32WBxx_HAL_Driver/Src/stm32wbxx_hal_gpio.o
LOAD ./Drivers/STM32WBxx_HAL_Driver/Src/stm32wbxx_hal_hsem.o
LOAD ./Drivers/STM32WBxx_HAL_Driver/Src/stm32wbxx_hal_pwr.o
LOAD ./Drivers/STM32WBxx_HAL_Driver/Src/stm32wbxx_hal_pwr_ex.o
LOAD ./Drivers/STM32WBxx_HAL_Driver/Src/stm32wbxx_hal_qspi.o
LOAD ./Drivers/STM32WBxx_HAL_Driver/Src/stm32wbxx_hal_rcc.o
LOAD ./Drivers/STM32WBxx_HAL_Driver/Src/stm32wbxx_hal_rcc_ex.o
LOAD ./Drivers/STM32WBxx_HAL_Driver/Src/stm32wbxx_hal_tim.o
LOAD ./Drivers/STM32WBxx_HAL_Driver/Src/stm32wbxx_hal_tim_ex.o
START GROUP
LOAD d:/software/stm32cubeide/en.st-stm32cubeide_1.9.0_12015_20220302_0855_x86_64.exe_v1.9.0/stm32cubeide_1.9.0/stm32cubeide/plugins/com.st.stm32cube.ide.mcu.externaltools.gnu-tools-for-stm32.10.3-2021.10.win32_1.0.0.202111181127/tools/bin/../lib/gcc/arm-none-eabi/10.3.1/../../../../arm-none-eabi/lib/thumb/v7e-m+fp/hard\libc_nano.a
LOAD d:/software/stm32cubeide/en.st-stm32cubeide_1.9.0_12015_20220302_0855_x86_64.exe_v1.9.0/stm32cubeide_1.9.0/stm32cubeide/plugins/com.st.stm32cube.ide.mcu.externaltools.gnu-tools-for-stm32.10.3-2021.10.win32_1.0.0.202111181127/tools/bin/../lib/gcc/arm-none-eabi/10.3.1/../../../../arm-none-eabi/lib/thumb/v7e-m+fp/hard\libm.a
END GROUP
START GROUP
LOAD d:/software/stm32cubeide/en.st-stm32cubeide_1.9.0_12015_20220302_0855_x86_64.exe_v1.9.0/stm32cubeide_1.9.0/stm32cubeide/plugins/com.st.stm32cube.ide.mcu.externaltools.gnu-tools-for-stm32.10.3-2021.10.win32_1.0.0.202111181127/tools/bin/../lib/gcc/arm-none-eabi/10.3.1/thumb/v7e-m+fp/hard\libgcc.a
LOAD d:/software/stm32cubeide/en.st-stm32cubeide_1.9.0_12015_20220302_0855_x86_64.exe_v1.9.0/stm32cubeide_1.9.0/stm32cubeide/plugins/com.st.stm32cube.ide.mcu.externaltools.gnu-tools-for-stm32.10.3-2021.10.win32_1.0.0.202111181127/tools/bin/../lib/gcc/arm-none-eabi/10.3.1/../../../../arm-none-eabi/lib/thumb/v7e-m+fp/hard\libc_nano.a
END GROUP
START GROUP
LOAD d:/software/stm32cubeide/en.st-stm32cubeide_1.9.0_12015_20220302_0855_x86_64.exe_v1.9.0/stm32cubeide_1.9.0/stm32cubeide/plugins/com.st.stm32cube.ide.mcu.externaltools.gnu-tools-for-stm32.10.3-2021.10.win32_1.0.0.202111181127/tools/bin/../lib/gcc/arm-none-eabi/10.3.1/thumb/v7e-m+fp/hard\libgcc.a
LOAD d:/software/stm32cubeide/en.st-stm32cubeide_1.9.0_12015_20220302_0855_x86_64.exe_v1.9.0/stm32cubeide_1.9.0/stm32cubeide/plugins/com.st.stm32cube.ide.mcu.externaltools.gnu-tools-for-stm32.10.3-2021.10.win32_1.0.0.202111181127/tools/bin/../lib/gcc/arm-none-eabi/10.3.1/../../../../arm-none-eabi/lib/thumb/v7e-m+fp/hard\libc_nano.a
LOAD d:/software/stm32cubeide/en.st-stm32cubeide_1.9.0_12015_20220302_0855_x86_64.exe_v1.9.0/stm32cubeide_1.9.0/stm32cubeide/plugins/com.st.stm32cube.ide.mcu.externaltools.gnu-tools-for-stm32.10.3-2021.10.win32_1.0.0.202111181127/tools/bin/../lib/gcc/arm-none-eabi/10.3.1/../../../../arm-none-eabi/lib/thumb/v7e-m+fp/hard\libnosys.a
END GROUP
START GROUP
LOAD d:/software/stm32cubeide/en.st-stm32cubeide_1.9.0_12015_20220302_0855_x86_64.exe_v1.9.0/stm32cubeide_1.9.0/stm32cubeide/plugins/com.st.stm32cube.ide.mcu.externaltools.gnu-tools-for-stm32.10.3-2021.10.win32_1.0.0.202111181127/tools/bin/../lib/gcc/arm-none-eabi/10.3.1/thumb/v7e-m+fp/hard\libgcc.a
LOAD d:/software/stm32cubeide/en.st-stm32cubeide_1.9.0_12015_20220302_0855_x86_64.exe_v1.9.0/stm32cubeide_1.9.0/stm32cubeide/plugins/com.st.stm32cube.ide.mcu.externaltools.gnu-tools-for-stm32.10.3-2021.10.win32_1.0.0.202111181127/tools/bin/../lib/gcc/arm-none-eabi/10.3.1/../../../../arm-none-eabi/lib/thumb/v7e-m+fp/hard\libc_nano.a
LOAD d:/software/stm32cubeide/en.st-stm32cubeide_1.9.0_12015_20220302_0855_x86_64.exe_v1.9.0/stm32cubeide_1.9.0/stm32cubeide/plugins/com.st.stm32cube.ide.mcu.externaltools.gnu-tools-for-stm32.10.3-2021.10.win32_1.0.0.202111181127/tools/bin/../lib/gcc/arm-none-eabi/10.3.1/../../../../arm-none-eabi/lib/thumb/v7e-m+fp/hard\libnosys.a
END GROUP
LOAD d:/software/stm32cubeide/en.st-stm32cubeide_1.9.0_12015_20220302_0855_x86_64.exe_v1.9.0/stm32cubeide_1.9.0/stm32cubeide/plugins/com.st.stm32cube.ide.mcu.externaltools.gnu-tools-for-stm32.10.3-2021.10.win32_1.0.0.202111181127/tools/bin/../lib/gcc/arm-none-eabi/10.3.1/thumb/v7e-m+fp/hard/crtend.o
LOAD d:/software/stm32cubeide/en.st-stm32cubeide_1.9.0_12015_20220302_0855_x86_64.exe_v1.9.0/stm32cubeide_1.9.0/stm32cubeide/plugins/com.st.stm32cube.ide.mcu.externaltools.gnu-tools-for-stm32.10.3-2021.10.win32_1.0.0.202111181127/tools/bin/../lib/gcc/arm-none-eabi/10.3.1/thumb/v7e-m+fp/hard/crtn.o
                0x0000000020030000                _estack = (ORIGIN (RAM1) + LENGTH (RAM1))
                0x0000000000000200                _Min_Heap_Size = 0x200
                0x0000000000000400                _Min_Stack_Size = 0x400

.isr_vector     0x0000000008000000      0x13c
                0x0000000008000000                . = ALIGN (0x4)
 *(.isr_vector)
 .isr_vector    0x0000000008000000      0x13c ./Core/Startup/startup_stm32wb55rgvx.o
                0x0000000008000000                g_pfnVectors
                0x000000000800013c                . = ALIGN (0x4)

.text           0x000000000800013c     0x42cc
                0x000000000800013c                . = ALIGN (0x4)
 *(.text)
 .text          0x000000000800013c       0x40 d:/software/stm32cubeide/en.st-stm32cubeide_1.9.0_12015_20220302_0855_x86_64.exe_v1.9.0/stm32cubeide_1.9.0/stm32cubeide/plugins/com.st.stm32cube.ide.mcu.externaltools.gnu-tools-for-stm32.10.3-2021.10.win32_1.0.0.202111181127/tools/bin/../lib/gcc/arm-none-eabi/10.3.1/thumb/v7e-m+fp/hard/crtbegin.o
 *(.text*)
 .text.ITM_SendChar
                0x000000000800017c       0x4e ./Core/Src/main.o
 .text.LL_AHB2_GRP1_EnableClock
                0x00000000080001ca       0x32 ./Core/Src/main.o
 .text.__io_putchar
                0x00000000080001fc       0x1a ./Core/Src/main.o
                0x00000000080001fc                __io_putchar
 *fill*         0x0000000008000216        0x2 
 .text.W25QxxReadStatus
                0x0000000008000218       0x78 ./Core/Src/main.o
                0x0000000008000218                W25QxxReadStatus
 .text.W25QxxWriteStatus
                0x0000000008000290       0x84 ./Core/Src/main.o
                0x0000000008000290                W25QxxWriteStatus
 .text.W25QXXWriteEnable
                0x0000000008000314       0x70 ./Core/Src/main.o
                0x0000000008000314                W25QXXWriteEnable
 .text.W25QXXReadRaw
                0x0000000008000384       0x88 ./Core/Src/main.o
                0x0000000008000384                W25QXXReadRaw
 .text.W25QXXWriteRaw
                0x000000000800040c       0x90 ./Core/Src/main.o
                0x000000000800040c                W25QXXWriteRaw
 .text.main     0x000000000800049c       0xdc ./Core/Src/main.o
                0x000000000800049c                main
 .text.SystemClock_Config
                0x0000000008000578       0xd4 ./Core/Src/main.o
                0x0000000008000578                SystemClock_Config
 .text.PeriphCommonClock_Config
                0x000000000800064c       0x3a ./Core/Src/main.o
                0x000000000800064c                PeriphCommonClock_Config
 *fill*         0x0000000008000686        0x2 
 .text.MX_QUADSPI_Init
                0x0000000008000688       0x4c ./Core/Src/main.o
 .text.MX_GPIO_Init
                0x00000000080006d4       0x58 ./Core/Src/main.o
 .text.Error_Handler
                0x000000000800072c        0xa ./Core/Src/main.o
                0x000000000800072c                Error_Handler
 .text.LL_AHB2_GRP1_EnableClock
                0x0000000008000736       0x32 ./Core/Src/stm32wbxx_hal_msp.o
 .text.LL_AHB3_GRP1_EnableClock
                0x0000000008000768       0x32 ./Core/Src/stm32wbxx_hal_msp.o
 .text.HAL_MspInit
                0x000000000800079a        0xe ./Core/Src/stm32wbxx_hal_msp.o
                0x000000000800079a                HAL_MspInit
 .text.HAL_QSPI_MspInit
                0x00000000080007a8       0xbc ./Core/Src/stm32wbxx_hal_msp.o
                0x00000000080007a8                HAL_QSPI_MspInit
 .text.NMI_Handler
                0x0000000008000864        0x6 ./Core/Src/stm32wbxx_it.o
                0x0000000008000864                NMI_Handler
 .text.HardFault_Handler
                0x000000000800086a        0x6 ./Core/Src/stm32wbxx_it.o
                0x000000000800086a                HardFault_Handler
 .text.MemManage_Handler
                0x0000000008000870        0x6 ./Core/Src/stm32wbxx_it.o
                0x0000000008000870                MemManage_Handler
 .text.BusFault_Handler
                0x0000000008000876        0x6 ./Core/Src/stm32wbxx_it.o
                0x0000000008000876                BusFault_Handler
 .text.UsageFault_Handler
                0x000000000800087c        0x6 ./Core/Src/stm32wbxx_it.o
                0x000000000800087c                UsageFault_Handler
 .text.SVC_Handler
                0x0000000008000882        0xe ./Core/Src/stm32wbxx_it.o
                0x0000000008000882                SVC_Handler
 .text.DebugMon_Handler
                0x0000000008000890        0xe ./Core/Src/stm32wbxx_it.o
                0x0000000008000890                DebugMon_Handler
 .text.PendSV_Handler
                0x000000000800089e        0xe ./Core/Src/stm32wbxx_it.o
                0x000000000800089e                PendSV_Handler
 .text.SysTick_Handler
                0x00000000080008ac        0xc ./Core/Src/stm32wbxx_it.o
                0x00000000080008ac                SysTick_Handler
 .text.QUADSPI_IRQHandler
                0x00000000080008b8       0x14 ./Core/Src/stm32wbxx_it.o
                0x00000000080008b8                QUADSPI_IRQHandler
 .text._read    0x00000000080008cc       0x3a ./Core/Src/syscalls.o
                0x00000000080008cc                _read
 .text._write   0x0000000008000906       0x38 ./Core/Src/syscalls.o
                0x0000000008000906                _write
 .text._close   0x000000000800093e       0x18 ./Core/Src/syscalls.o
                0x000000000800093e                _close
 .text._fstat   0x0000000008000956       0x20 ./Core/Src/syscalls.o
                0x0000000008000956                _fstat
 .text._isatty  0x0000000008000976       0x16 ./Core/Src/syscalls.o
                0x0000000008000976                _isatty
 .text._lseek   0x000000000800098c       0x1a ./Core/Src/syscalls.o
                0x000000000800098c                _lseek
 *fill*         0x00000000080009a6        0x2 
 .text._sbrk    0x00000000080009a8       0x6c ./Core/Src/sysmem.o
                0x00000000080009a8                _sbrk
 .text.SystemInit
                0x0000000008000a14       0xa4 ./Core/Src/system_stm32wbxx.o
                0x0000000008000a14                SystemInit
 .text.data_initializers
                0x0000000008000ab8       0x18 ./Core/Startup/startup_stm32wb55rgvx.o
 .text.Reset_Handler
                0x0000000008000ad0       0x54 ./Core/Startup/startup_stm32wb55rgvx.o
                0x0000000008000ad0                Reset_Handler
 .text.Default_Handler
                0x0000000008000b24        0x2 ./Core/Startup/startup_stm32wb55rgvx.o
                0x0000000008000b24                RTC_Alarm_IRQHandler
                0x0000000008000b24                EXTI2_IRQHandler
                0x0000000008000b24                TIM1_CC_IRQHandler
                0x0000000008000b24                TSC_IRQHandler
                0x0000000008000b24                USB_HP_IRQHandler
                0x0000000008000b24                EXTI3_IRQHandler
                0x0000000008000b24                LPTIM2_IRQHandler
                0x0000000008000b24                I2C3_ER_IRQHandler
                0x0000000008000b24                EXTI0_IRQHandler
                0x0000000008000b24                FPU_IRQHandler
                0x0000000008000b24                TIM1_UP_TIM16_IRQHandler
                0x0000000008000b24                AES1_IRQHandler
                0x0000000008000b24                SPI1_IRQHandler
                0x0000000008000b24                PWR_SOTF_BLEACT_802ACT_RFPHASE_IRQHandler
                0x0000000008000b24                DMA2_Channel2_IRQHandler
                0x0000000008000b24                DMA1_Channel4_IRQHandler
                0x0000000008000b24                ADC1_IRQHandler
                0x0000000008000b24                PKA_IRQHandler
                0x0000000008000b24                DMA1_Channel7_IRQHandler
                0x0000000008000b24                LCD_IRQHandler
                0x0000000008000b24                IPCC_C1_TX_IRQHandler
                0x0000000008000b24                DMA2_Channel1_IRQHandler
                0x0000000008000b24                I2C1_EV_IRQHandler
                0x0000000008000b24                DMAMUX1_OVR_IRQHandler
                0x0000000008000b24                DMA1_Channel6_IRQHandler
                0x0000000008000b24                DMA2_Channel4_IRQHandler
                0x0000000008000b24                RCC_IRQHandler
                0x0000000008000b24                DMA1_Channel1_IRQHandler
                0x0000000008000b24                Default_Handler
                0x0000000008000b24                DMA2_Channel7_IRQHandler
                0x0000000008000b24                EXTI15_10_IRQHandler
                0x0000000008000b24                IPCC_C1_RX_IRQHandler
                0x0000000008000b24                C2SEV_PWR_C2H_IRQHandler
                0x0000000008000b24                AES2_IRQHandler
                0x0000000008000b24                I2C3_EV_IRQHandler
                0x0000000008000b24                EXTI9_5_IRQHandler
                0x0000000008000b24                RTC_WKUP_IRQHandler
                0x0000000008000b24                PVD_PVM_IRQHandler
                0x0000000008000b24                SPI2_IRQHandler
                0x0000000008000b24                DMA2_Channel5_IRQHandler
                0x0000000008000b24                CRS_IRQHandler
                0x0000000008000b24                DMA1_Channel5_IRQHandler
                0x0000000008000b24                USB_LP_IRQHandler
                0x0000000008000b24                EXTI4_IRQHandler
                0x0000000008000b24                RNG_IRQHandler
                0x0000000008000b24                TIM1_TRG_COM_TIM17_IRQHandler
                0x0000000008000b24                TAMP_STAMP_LSECSS_IRQHandler
                0x0000000008000b24                DMA1_Channel3_IRQHandler
                0x0000000008000b24                COMP_IRQHandler
                0x0000000008000b24                HSEM_IRQHandler
                0x0000000008000b24                WWDG_IRQHandler
                0x0000000008000b24                LPUART1_IRQHandler
                0x0000000008000b24                DMA2_Channel6_IRQHandler
                0x0000000008000b24                TIM2_IRQHandler
                0x0000000008000b24                TIM1_BRK_IRQHandler
                0x0000000008000b24                EXTI1_IRQHandler
                0x0000000008000b24                DMA1_Channel2_IRQHandler
                0x0000000008000b24                FLASH_IRQHandler
                0x0000000008000b24                USART1_IRQHandler
                0x0000000008000b24                I2C1_ER_IRQHandler
                0x0000000008000b24                LPTIM1_IRQHandler
                0x0000000008000b24                SAI1_IRQHandler
                0x0000000008000b24                DMA2_Channel3_IRQHandler
 *fill*         0x0000000008000b26        0x2 
 .text.HAL_Init
                0x0000000008000b28       0x40 ./Drivers/STM32WBxx_HAL_Driver/Src/stm32wbxx_hal.o
                0x0000000008000b28                HAL_Init
 .text.HAL_InitTick
                0x0000000008000b68       0x74 ./Drivers/STM32WBxx_HAL_Driver/Src/stm32wbxx_hal.o
                0x0000000008000b68                HAL_InitTick
 .text.HAL_IncTick
                0x0000000008000bdc       0x28 ./Drivers/STM32WBxx_HAL_Driver/Src/stm32wbxx_hal.o
                0x0000000008000bdc                HAL_IncTick
 .text.HAL_GetTick
                0x0000000008000c04       0x18 ./Drivers/STM32WBxx_HAL_Driver/Src/stm32wbxx_hal.o
                0x0000000008000c04                HAL_GetTick
 .text.HAL_GetTickPrio
                0x0000000008000c1c       0x18 ./Drivers/STM32WBxx_HAL_Driver/Src/stm32wbxx_hal.o
                0x0000000008000c1c                HAL_GetTickPrio
 .text.HAL_Delay
                0x0000000008000c34       0x48 ./Drivers/STM32WBxx_HAL_Driver/Src/stm32wbxx_hal.o
                0x0000000008000c34                HAL_Delay
 .text.__NVIC_SetPriorityGrouping
                0x0000000008000c7c       0x48 ./Drivers/STM32WBxx_HAL_Driver/Src/stm32wbxx_hal_cortex.o
 .text.__NVIC_GetPriorityGrouping
                0x0000000008000cc4       0x1c ./Drivers/STM32WBxx_HAL_Driver/Src/stm32wbxx_hal_cortex.o
 .text.__NVIC_EnableIRQ
                0x0000000008000ce0       0x3c ./Drivers/STM32WBxx_HAL_Driver/Src/stm32wbxx_hal_cortex.o
 .text.__NVIC_SetPriority
                0x0000000008000d1c       0x54 ./Drivers/STM32WBxx_HAL_Driver/Src/stm32wbxx_hal_cortex.o
 .text.NVIC_EncodePriority
                0x0000000008000d70       0x66 ./Drivers/STM32WBxx_HAL_Driver/Src/stm32wbxx_hal_cortex.o
 *fill*         0x0000000008000dd6        0x2 
 .text.SysTick_Config
                0x0000000008000dd8       0x44 ./Drivers/STM32WBxx_HAL_Driver/Src/stm32wbxx_hal_cortex.o
 .text.HAL_NVIC_SetPriorityGrouping
                0x0000000008000e1c       0x16 ./Drivers/STM32WBxx_HAL_Driver/Src/stm32wbxx_hal_cortex.o
                0x0000000008000e1c                HAL_NVIC_SetPriorityGrouping
 .text.HAL_NVIC_SetPriority
                0x0000000008000e32       0x34 ./Drivers/STM32WBxx_HAL_Driver/Src/stm32wbxx_hal_cortex.o
                0x0000000008000e32                HAL_NVIC_SetPriority
 .text.HAL_NVIC_EnableIRQ
                0x0000000008000e66       0x1c ./Drivers/STM32WBxx_HAL_Driver/Src/stm32wbxx_hal_cortex.o
                0x0000000008000e66                HAL_NVIC_EnableIRQ
 .text.HAL_SYSTICK_Config
                0x0000000008000e82       0x18 ./Drivers/STM32WBxx_HAL_Driver/Src/stm32wbxx_hal_cortex.o
                0x0000000008000e82                HAL_SYSTICK_Config
 .text.HAL_DMA_Abort_IT
                0x0000000008000e9a       0xbe ./Drivers/STM32WBxx_HAL_Driver/Src/stm32wbxx_hal_dma.o
                0x0000000008000e9a                HAL_DMA_Abort_IT
 .text.HAL_GPIO_Init
                0x0000000008000f58      0x2e0 ./Drivers/STM32WBxx_HAL_Driver/Src/stm32wbxx_hal_gpio.o
                0x0000000008000f58                HAL_GPIO_Init
 .text.HAL_GPIO_WritePin
                0x0000000008001238       0x30 ./Drivers/STM32WBxx_HAL_Driver/Src/stm32wbxx_hal_gpio.o
                0x0000000008001238                HAL_GPIO_WritePin
 .text.HAL_PWR_EnableBkUpAccess
                0x0000000008001268       0x20 ./Drivers/STM32WBxx_HAL_Driver/Src/stm32wbxx_hal_pwr.o
                0x0000000008001268                HAL_PWR_EnableBkUpAccess
 .text.HAL_PWREx_GetVoltageRange
                0x0000000008001288       0x1c ./Drivers/STM32WBxx_HAL_Driver/Src/stm32wbxx_hal_pwr_ex.o
                0x0000000008001288                HAL_PWREx_GetVoltageRange
 .text.HAL_QSPI_Init
                0x00000000080012a4       0xec ./Drivers/STM32WBxx_HAL_Driver/Src/stm32wbxx_hal_qspi.o
                0x00000000080012a4                HAL_QSPI_Init
 .text.HAL_QSPI_IRQHandler
                0x0000000008001390      0x374 ./Drivers/STM32WBxx_HAL_Driver/Src/stm32wbxx_hal_qspi.o
                0x0000000008001390                HAL_QSPI_IRQHandler
 .text.HAL_QSPI_Command
                0x0000000008001704       0xbc ./Drivers/STM32WBxx_HAL_Driver/Src/stm32wbxx_hal_qspi.o
                0x0000000008001704                HAL_QSPI_Command
 .text.HAL_QSPI_Transmit
                0x00000000080017c0      0x124 ./Drivers/STM32WBxx_HAL_Driver/Src/stm32wbxx_hal_qspi.o
                0x00000000080017c0                HAL_QSPI_Transmit
 .text.HAL_QSPI_Receive
                0x00000000080018e4      0x13a ./Drivers/STM32WBxx_HAL_Driver/Src/stm32wbxx_hal_qspi.o
                0x00000000080018e4                HAL_QSPI_Receive
 .text.HAL_QSPI_ErrorCallback
                0x0000000008001a1e       0x14 ./Drivers/STM32WBxx_HAL_Driver/Src/stm32wbxx_hal_qspi.o
                0x0000000008001a1e                HAL_QSPI_ErrorCallback
 .text.HAL_QSPI_AbortCpltCallback
                0x0000000008001a32       0x14 ./Drivers/STM32WBxx_HAL_Driver/Src/stm32wbxx_hal_qspi.o
                0x0000000008001a32                HAL_QSPI_AbortCpltCallback
 .text.HAL_QSPI_CmdCpltCallback
                0x0000000008001a46       0x14 ./Drivers/STM32WBxx_HAL_Driver/Src/stm32wbxx_hal_qspi.o
                0x0000000008001a46                HAL_QSPI_CmdCpltCallback
 .text.HAL_QSPI_RxCpltCallback
                0x0000000008001a5a       0x14 ./Drivers/STM32WBxx_HAL_Driver/Src/stm32wbxx_hal_qspi.o
                0x0000000008001a5a                HAL_QSPI_RxCpltCallback
 .text.HAL_QSPI_TxCpltCallback
                0x0000000008001a6e       0x14 ./Drivers/STM32WBxx_HAL_Driver/Src/stm32wbxx_hal_qspi.o
                0x0000000008001a6e                HAL_QSPI_TxCpltCallback
 .text.HAL_QSPI_FifoThresholdCallback
                0x0000000008001a82       0x14 ./Drivers/STM32WBxx_HAL_Driver/Src/stm32wbxx_hal_qspi.o
                0x0000000008001a82                HAL_QSPI_FifoThresholdCallback
 .text.HAL_QSPI_StatusMatchCallback
                0x0000000008001a96       0x14 ./Drivers/STM32WBxx_HAL_Driver/Src/stm32wbxx_hal_qspi.o
                0x0000000008001a96                HAL_QSPI_StatusMatchCallback
 .text.HAL_QSPI_TimeOutCallback
                0x0000000008001aaa       0x14 ./Drivers/STM32WBxx_HAL_Driver/Src/stm32wbxx_hal_qspi.o
                0x0000000008001aaa                HAL_QSPI_TimeOutCallback
 .text.HAL_QSPI_SetTimeout
                0x0000000008001abe       0x1c ./Drivers/STM32WBxx_HAL_Driver/Src/stm32wbxx_hal_qspi.o
                0x0000000008001abe                HAL_QSPI_SetTimeout
 .text.QSPI_DMAAbortCplt
                0x0000000008001ada       0x66 ./Drivers/STM32WBxx_HAL_Driver/Src/stm32wbxx_hal_qspi.o
 .text.QSPI_WaitFlagStateUntilTimeout
                0x0000000008001b40       0x6e ./Drivers/STM32WBxx_HAL_Driver/Src/stm32wbxx_hal_qspi.o
 .text.QSPI_Config
                0x0000000008001bae      0x2dc ./Drivers/STM32WBxx_HAL_Driver/Src/stm32wbxx_hal_qspi.o
 .text.LL_RCC_HSE_IsEnabledDiv2
                0x0000000008001e8a       0x24 ./Drivers/STM32WBxx_HAL_Driver/Src/stm32wbxx_hal_rcc.o
 .text.LL_RCC_HSE_Enable
                0x0000000008001eae       0x1e ./Drivers/STM32WBxx_HAL_Driver/Src/stm32wbxx_hal_rcc.o
 .text.LL_RCC_HSE_Disable
                0x0000000008001ecc       0x1e ./Drivers/STM32WBxx_HAL_Driver/Src/stm32wbxx_hal_rcc.o
 .text.LL_RCC_HSE_IsReady
                0x0000000008001eea       0x24 ./Drivers/STM32WBxx_HAL_Driver/Src/stm32wbxx_hal_rcc.o
 .text.LL_RCC_HSI_Enable
                0x0000000008001f0e       0x1e ./Drivers/STM32WBxx_HAL_Driver/Src/stm32wbxx_hal_rcc.o
 .text.LL_RCC_HSI_Disable
                0x0000000008001f2c       0x1e ./Drivers/STM32WBxx_HAL_Driver/Src/stm32wbxx_hal_rcc.o
 .text.LL_RCC_HSI_IsReady
                0x0000000008001f4a       0x24 ./Drivers/STM32WBxx_HAL_Driver/Src/stm32wbxx_hal_rcc.o
 .text.LL_RCC_HSI_SetCalibTrimming
                0x0000000008001f6e       0x2a ./Drivers/STM32WBxx_HAL_Driver/Src/stm32wbxx_hal_rcc.o
 .text.LL_RCC_HSI48_Enable
                0x0000000008001f98       0x22 ./Drivers/STM32WBxx_HAL_Driver/Src/stm32wbxx_hal_rcc.o
 .text.LL_RCC_HSI48_Disable
                0x0000000008001fba       0x22 ./Drivers/STM32WBxx_HAL_Driver/Src/stm32wbxx_hal_rcc.o
 .text.LL_RCC_HSI48_IsReady
                0x0000000008001fdc       0x24 ./Drivers/STM32WBxx_HAL_Driver/Src/stm32wbxx_hal_rcc.o
 .text.LL_RCC_LSE_Enable
                0x0000000008002000       0x22 ./Drivers/STM32WBxx_HAL_Driver/Src/stm32wbxx_hal_rcc.o
 .text.LL_RCC_LSE_Disable
                0x0000000008002022       0x22 ./Drivers/STM32WBxx_HAL_Driver/Src/stm32wbxx_hal_rcc.o
 .text.LL_RCC_LSE_EnableBypass
                0x0000000008002044       0x22 ./Drivers/STM32WBxx_HAL_Driver/Src/stm32wbxx_hal_rcc.o
 .text.LL_RCC_LSE_DisableBypass
                0x0000000008002066       0x22 ./Drivers/STM32WBxx_HAL_Driver/Src/stm32wbxx_hal_rcc.o
 .text.LL_RCC_LSE_IsReady
                0x0000000008002088       0x24 ./Drivers/STM32WBxx_HAL_Driver/Src/stm32wbxx_hal_rcc.o
 .text.LL_RCC_LSI1_Enable
                0x00000000080020ac       0x22 ./Drivers/STM32WBxx_HAL_Driver/Src/stm32wbxx_hal_rcc.o
 .text.LL_RCC_LSI1_Disable
                0x00000000080020ce       0x22 ./Drivers/STM32WBxx_HAL_Driver/Src/stm32wbxx_hal_rcc.o
 .text.LL_RCC_LSI1_IsReady
                0x00000000080020f0       0x24 ./Drivers/STM32WBxx_HAL_Driver/Src/stm32wbxx_hal_rcc.o
 .text.LL_RCC_LSI2_Enable
                0x0000000008002114       0x22 ./Drivers/STM32WBxx_HAL_Driver/Src/stm32wbxx_hal_rcc.o
 .text.LL_RCC_LSI2_Disable
                0x0000000008002136       0x22 ./Drivers/STM32WBxx_HAL_Driver/Src/stm32wbxx_hal_rcc.o
 .text.LL_RCC_LSI2_IsReady
                0x0000000008002158       0x24 ./Drivers/STM32WBxx_HAL_Driver/Src/stm32wbxx_hal_rcc.o
 .text.LL_RCC_LSI2_SetTrimming
                0x000000000800217c       0x2e ./Drivers/STM32WBxx_HAL_Driver/Src/stm32wbxx_hal_rcc.o
 .text.LL_RCC_MSI_Enable
                0x00000000080021aa       0x1e ./Drivers/STM32WBxx_HAL_Driver/Src/stm32wbxx_hal_rcc.o
 .text.LL_RCC_MSI_Disable
                0x00000000080021c8       0x1e ./Drivers/STM32WBxx_HAL_Driver/Src/stm32wbxx_hal_rcc.o
 .text.LL_RCC_MSI_IsReady
                0x00000000080021e6       0x22 ./Drivers/STM32WBxx_HAL_Driver/Src/stm32wbxx_hal_rcc.o
 .text.LL_RCC_MSI_SetRange
                0x0000000008002208       0x28 ./Drivers/STM32WBxx_HAL_Driver/Src/stm32wbxx_hal_rcc.o
 .text.LL_RCC_MSI_GetRange
                0x0000000008002230       0x2a ./Drivers/STM32WBxx_HAL_Driver/Src/stm32wbxx_hal_rcc.o
 .text.LL_RCC_MSI_SetCalibTrimming
                0x000000000800225a       0x2a ./Drivers/STM32WBxx_HAL_Driver/Src/stm32wbxx_hal_rcc.o
 .text.LL_RCC_SetSysClkSource
                0x0000000008002284       0x28 ./Drivers/STM32WBxx_HAL_Driver/Src/stm32wbxx_hal_rcc.o
 .text.LL_RCC_GetSysClkSource
                0x00000000080022ac       0x18 ./Drivers/STM32WBxx_HAL_Driver/Src/stm32wbxx_hal_rcc.o
 .text.LL_RCC_SetAHBPrescaler
                0x00000000080022c4       0x28 ./Drivers/STM32WBxx_HAL_Driver/Src/stm32wbxx_hal_rcc.o
 .text.LL_C2_RCC_SetAHBPrescaler
                0x00000000080022ec       0x2c ./Drivers/STM32WBxx_HAL_Driver/Src/stm32wbxx_hal_rcc.o
 .text.LL_RCC_SetAHB4Prescaler
                0x0000000008002318       0x2e ./Drivers/STM32WBxx_HAL_Driver/Src/stm32wbxx_hal_rcc.o
 .text.LL_RCC_SetAPB1Prescaler
                0x0000000008002346       0x28 ./Drivers/STM32WBxx_HAL_Driver/Src/stm32wbxx_hal_rcc.o
 .text.LL_RCC_SetAPB2Prescaler
                0x000000000800236e       0x28 ./Drivers/STM32WBxx_HAL_Driver/Src/stm32wbxx_hal_rcc.o
 .text.LL_RCC_GetAHBPrescaler
                0x0000000008002396       0x18 ./Drivers/STM32WBxx_HAL_Driver/Src/stm32wbxx_hal_rcc.o
 .text.LL_RCC_GetAHB4Prescaler
                0x00000000080023ae       0x1c ./Drivers/STM32WBxx_HAL_Driver/Src/stm32wbxx_hal_rcc.o
 .text.LL_RCC_PLL_Enable
                0x00000000080023ca       0x1e ./Drivers/STM32WBxx_HAL_Driver/Src/stm32wbxx_hal_rcc.o
 .text.LL_RCC_PLL_Disable
                0x00000000080023e8       0x1e ./Drivers/STM32WBxx_HAL_Driver/Src/stm32wbxx_hal_rcc.o
 .text.LL_RCC_PLL_IsReady
                0x0000000008002406       0x24 ./Drivers/STM32WBxx_HAL_Driver/Src/stm32wbxx_hal_rcc.o
 .text.LL_RCC_PLL_GetN
                0x000000000800242a       0x1a ./Drivers/STM32WBxx_HAL_Driver/Src/stm32wbxx_hal_rcc.o
 .text.LL_RCC_PLL_GetR
                0x0000000008002444       0x18 ./Drivers/STM32WBxx_HAL_Driver/Src/stm32wbxx_hal_rcc.o
 .text.LL_RCC_PLL_GetDivider
                0x000000000800245c       0x18 ./Drivers/STM32WBxx_HAL_Driver/Src/stm32wbxx_hal_rcc.o
 .text.LL_RCC_PLL_GetMainSource
                0x0000000008002474       0x18 ./Drivers/STM32WBxx_HAL_Driver/Src/stm32wbxx_hal_rcc.o
 .text.LL_RCC_IsActiveFlag_HPRE
                0x000000000800248c       0x24 ./Drivers/STM32WBxx_HAL_Driver/Src/stm32wbxx_hal_rcc.o
 .text.LL_RCC_IsActiveFlag_C2HPRE
                0x00000000080024b0       0x26 ./Drivers/STM32WBxx_HAL_Driver/Src/stm32wbxx_hal_rcc.o
 .text.LL_RCC_IsActiveFlag_SHDHPRE
                0x00000000080024d6       0x26 ./Drivers/STM32WBxx_HAL_Driver/Src/stm32wbxx_hal_rcc.o
 .text.LL_RCC_IsActiveFlag_PPRE1
                0x00000000080024fc       0x24 ./Drivers/STM32WBxx_HAL_Driver/Src/stm32wbxx_hal_rcc.o
 .text.LL_RCC_IsActiveFlag_PPRE2
                0x0000000008002520       0x24 ./Drivers/STM32WBxx_HAL_Driver/Src/stm32wbxx_hal_rcc.o
 .text.HAL_RCC_OscConfig
                0x0000000008002544      0x71c ./Drivers/STM32WBxx_HAL_Driver/Src/stm32wbxx_hal_rcc.o
                0x0000000008002544                HAL_RCC_OscConfig
 .text.HAL_RCC_ClockConfig
                0x0000000008002c60      0x280 ./Drivers/STM32WBxx_HAL_Driver/Src/stm32wbxx_hal_rcc.o
                0x0000000008002c60                HAL_RCC_ClockConfig
 .text.HAL_RCC_GetSysClockFreq
                0x0000000008002ee0       0xd8 ./Drivers/STM32WBxx_HAL_Driver/Src/stm32wbxx_hal_rcc.o
                0x0000000008002ee0                HAL_RCC_GetSysClockFreq
 .text.HAL_RCC_GetHCLKFreq
                0x0000000008002fb8       0x28 ./Drivers/STM32WBxx_HAL_Driver/Src/stm32wbxx_hal_rcc.o
                0x0000000008002fb8                HAL_RCC_GetHCLKFreq
 .text.RCC_SetFlashLatencyFromMSIRange
                0x0000000008002fe0       0x70 ./Drivers/STM32WBxx_HAL_Driver/Src/stm32wbxx_hal_rcc.o
 .text.RCC_SetFlashLatency
                0x0000000008003050       0xf8 ./Drivers/STM32WBxx_HAL_Driver/Src/stm32wbxx_hal_rcc.o
 .text.LL_RCC_LSE_IsEnabled
                0x0000000008003148       0x24 ./Drivers/STM32WBxx_HAL_Driver/Src/stm32wbxx_hal_rcc_ex.o
 .text.LL_RCC_LSE_IsReady
                0x000000000800316c       0x24 ./Drivers/STM32WBxx_HAL_Driver/Src/stm32wbxx_hal_rcc_ex.o
 .text.LL_RCC_SetRFWKPClockSource
                0x0000000008003190       0x2c ./Drivers/STM32WBxx_HAL_Driver/Src/stm32wbxx_hal_rcc_ex.o
 .text.LL_RCC_SetSMPSClockSource
                0x00000000080031bc       0x28 ./Drivers/STM32WBxx_HAL_Driver/Src/stm32wbxx_hal_rcc_ex.o
 .text.LL_RCC_SetSMPSPrescaler
                0x00000000080031e4       0x28 ./Drivers/STM32WBxx_HAL_Driver/Src/stm32wbxx_hal_rcc_ex.o
 .text.LL_RCC_SetUSARTClockSource
                0x000000000800320c       0x2c ./Drivers/STM32WBxx_HAL_Driver/Src/stm32wbxx_hal_rcc_ex.o
 .text.LL_RCC_SetLPUARTClockSource
                0x0000000008003238       0x2c ./Drivers/STM32WBxx_HAL_Driver/Src/stm32wbxx_hal_rcc_ex.o
 .text.LL_RCC_SetI2CClockSource
                0x0000000008003264       0x3a ./Drivers/STM32WBxx_HAL_Driver/Src/stm32wbxx_hal_rcc_ex.o
 .text.LL_RCC_SetLPTIMClockSource
                0x000000000800329e       0x34 ./Drivers/STM32WBxx_HAL_Driver/Src/stm32wbxx_hal_rcc_ex.o
 .text.LL_RCC_SetSAIClockSource
                0x00000000080032d2       0x2c ./Drivers/STM32WBxx_HAL_Driver/Src/stm32wbxx_hal_rcc_ex.o
 .text.LL_RCC_SetRNGClockSource
                0x00000000080032fe       0x2c ./Drivers/STM32WBxx_HAL_Driver/Src/stm32wbxx_hal_rcc_ex.o
 .text.LL_RCC_SetCLK48ClockSource
                0x000000000800332a       0x2c ./Drivers/STM32WBxx_HAL_Driver/Src/stm32wbxx_hal_rcc_ex.o
 .text.LL_RCC_SetUSBClockSource
                0x0000000008003356       0x16 ./Drivers/STM32WBxx_HAL_Driver/Src/stm32wbxx_hal_rcc_ex.o
 .text.LL_RCC_SetADCClockSource
                0x000000000800336c       0x2c ./Drivers/STM32WBxx_HAL_Driver/Src/stm32wbxx_hal_rcc_ex.o
 .text.LL_RCC_SetRTCClockSource
                0x0000000008003398       0x2c ./Drivers/STM32WBxx_HAL_Driver/Src/stm32wbxx_hal_rcc_ex.o
 .text.LL_RCC_GetRTCClockSource
                0x00000000080033c4       0x1a ./Drivers/STM32WBxx_HAL_Driver/Src/stm32wbxx_hal_rcc_ex.o
 .text.LL_RCC_ForceBackupDomainReset
                0x00000000080033de       0x22 ./Drivers/STM32WBxx_HAL_Driver/Src/stm32wbxx_hal_rcc_ex.o
 .text.LL_RCC_ReleaseBackupDomainReset
                0x0000000008003400       0x22 ./Drivers/STM32WBxx_HAL_Driver/Src/stm32wbxx_hal_rcc_ex.o
 .text.LL_RCC_PLLSAI1_Enable
                0x0000000008003422       0x1e ./Drivers/STM32WBxx_HAL_Driver/Src/stm32wbxx_hal_rcc_ex.o
 .text.LL_RCC_PLLSAI1_Disable
                0x0000000008003440       0x1e ./Drivers/STM32WBxx_HAL_Driver/Src/stm32wbxx_hal_rcc_ex.o
 .text.LL_RCC_PLLSAI1_IsReady
                0x000000000800345e       0x24 ./Drivers/STM32WBxx_HAL_Driver/Src/stm32wbxx_hal_rcc_ex.o
 .text.HAL_RCCEx_PeriphCLKConfig
                0x0000000008003482      0x2ec ./Drivers/STM32WBxx_HAL_Driver/Src/stm32wbxx_hal_rcc_ex.o
                0x0000000008003482                HAL_RCCEx_PeriphCLKConfig
 .text.RCCEx_PLLSAI1_ConfigNP
                0x000000000800376e       0xb6 ./Drivers/STM32WBxx_HAL_Driver/Src/stm32wbxx_hal_rcc_ex.o
 .text.RCCEx_PLLSAI1_ConfigNQ
                0x0000000008003824       0xb6 ./Drivers/STM32WBxx_HAL_Driver/Src/stm32wbxx_hal_rcc_ex.o
 .text.RCCEx_PLLSAI1_ConfigNR
                0x00000000080038da       0xb6 ./Drivers/STM32WBxx_HAL_Driver/Src/stm32wbxx_hal_rcc_ex.o
 .text.__errno  0x0000000008003990        0xc d:/software/stm32cubeide/en.st-stm32cubeide_1.9.0_12015_20220302_0855_x86_64.exe_v1.9.0/stm32cubeide_1.9.0/stm32cubeide/plugins/com.st.stm32cube.ide.mcu.externaltools.gnu-tools-for-stm32.10.3-2021.10.win32_1.0.0.202111181127/tools/bin/../lib/gcc/arm-none-eabi/10.3.1/../../../../arm-none-eabi/lib/thumb/v7e-m+fp/hard\libc_nano.a(lib_a-errno.o)
                0x0000000008003990                __errno
 .text.__libc_init_array
                0x000000000800399c       0x48 d:/software/stm32cubeide/en.st-stm32cubeide_1.9.0_12015_20220302_0855_x86_64.exe_v1.9.0/stm32cubeide_1.9.0/stm32cubeide/plugins/com.st.stm32cube.ide.mcu.externaltools.gnu-tools-for-stm32.10.3-2021.10.win32_1.0.0.202111181127/tools/bin/../lib/gcc/arm-none-eabi/10.3.1/../../../../arm-none-eabi/lib/thumb/v7e-m+fp/hard\libc_nano.a(lib_a-init.o)
                0x000000000800399c                __libc_init_array
 .text.memset   0x00000000080039e4       0x10 d:/software/stm32cubeide/en.st-stm32cubeide_1.9.0_12015_20220302_0855_x86_64.exe_v1.9.0/stm32cubeide_1.9.0/stm32cubeide/plugins/com.st.stm32cube.ide.mcu.externaltools.gnu-tools-for-stm32.10.3-2021.10.win32_1.0.0.202111181127/tools/bin/../lib/gcc/arm-none-eabi/10.3.1/../../../../arm-none-eabi/lib/thumb/v7e-m+fp/hard\libc_nano.a(lib_a-memset.o)
                0x00000000080039e4                memset
 .text._puts_r  0x00000000080039f4       0xdc d:/software/stm32cubeide/en.st-stm32cubeide_1.9.0_12015_20220302_0855_x86_64.exe_v1.9.0/stm32cubeide_1.9.0/stm32cubeide/plugins/com.st.stm32cube.ide.mcu.externaltools.gnu-tools-for-stm32.10.3-2021.10.win32_1.0.0.202111181127/tools/bin/../lib/gcc/arm-none-eabi/10.3.1/../../../../arm-none-eabi/lib/thumb/v7e-m+fp/hard\libc_nano.a(lib_a-puts.o)
                0x00000000080039f4                _puts_r
 .text.puts     0x0000000008003ad0       0x10 d:/software/stm32cubeide/en.st-stm32cubeide_1.9.0_12015_20220302_0855_x86_64.exe_v1.9.0/stm32cubeide_1.9.0/stm32cubeide/plugins/com.st.stm32cube.ide.mcu.externaltools.gnu-tools-for-stm32.10.3-2021.10.win32_1.0.0.202111181127/tools/bin/../lib/gcc/arm-none-eabi/10.3.1/../../../../arm-none-eabi/lib/thumb/v7e-m+fp/hard\libc_nano.a(lib_a-puts.o)
                0x0000000008003ad0                puts
 .text.__swbuf_r
                0x0000000008003ae0       0xa4 d:/software/stm32cubeide/en.st-stm32cubeide_1.9.0_12015_20220302_0855_x86_64.exe_v1.9.0/stm32cubeide_1.9.0/stm32cubeide/plugins/com.st.stm32cube.ide.mcu.externaltools.gnu-tools-for-stm32.10.3-2021.10.win32_1.0.0.202111181127/tools/bin/../lib/gcc/arm-none-eabi/10.3.1/../../../../arm-none-eabi/lib/thumb/v7e-m+fp/hard\libc_nano.a(lib_a-wbuf.o)
                0x0000000008003ae0                __swbuf_r
 .text.__swsetup_r
                0x0000000008003b84       0xdc d:/software/stm32cubeide/en.st-stm32cubeide_1.9.0_12015_20220302_0855_x86_64.exe_v1.9.0/stm32cubeide_1.9.0/stm32cubeide/plugins/com.st.stm32cube.ide.mcu.externaltools.gnu-tools-for-stm32.10.3-2021.10.win32_1.0.0.202111181127/tools/bin/../lib/gcc/arm-none-eabi/10.3.1/../../../../arm-none-eabi/lib/thumb/v7e-m+fp/hard\libc_nano.a(lib_a-wsetup.o)
                0x0000000008003b84                __swsetup_r
 .text.__sflush_r
                0x0000000008003c60      0x10c d:/software/stm32cubeide/en.st-stm32cubeide_1.9.0_12015_20220302_0855_x86_64.exe_v1.9.0/stm32cubeide_1.9.0/stm32cubeide/plugins/com.st.stm32cube.ide.mcu.externaltools.gnu-tools-for-stm32.10.3-2021.10.win32_1.0.0.202111181127/tools/bin/../lib/gcc/arm-none-eabi/10.3.1/../../../../arm-none-eabi/lib/thumb/v7e-m+fp/hard\libc_nano.a(lib_a-fflush.o)
                0x0000000008003c60                __sflush_r
 .text._fflush_r
                0x0000000008003d6c       0x78 d:/software/stm32cubeide/en.st-stm32cubeide_1.9.0_12015_20220302_0855_x86_64.exe_v1.9.0/stm32cubeide_1.9.0/stm32cubeide/plugins/com.st.stm32cube.ide.mcu.externaltools.gnu-tools-for-stm32.10.3-2021.10.win32_1.0.0.202111181127/tools/bin/../lib/gcc/arm-none-eabi/10.3.1/../../../../arm-none-eabi/lib/thumb/v7e-m+fp/hard\libc_nano.a(lib_a-fflush.o)
                0x0000000008003d6c                _fflush_r
 .text.std      0x0000000008003de4       0x48 d:/software/stm32cubeide/en.st-stm32cubeide_1.9.0_12015_20220302_0855_x86_64.exe_v1.9.0/stm32cubeide_1.9.0/stm32cubeide/plugins/com.st.stm32cube.ide.mcu.externaltools.gnu-tools-for-stm32.10.3-2021.10.win32_1.0.0.202111181127/tools/bin/../lib/gcc/arm-none-eabi/10.3.1/../../../../arm-none-eabi/lib/thumb/v7e-m+fp/hard\libc_nano.a(lib_a-findfp.o)
 .text._cleanup_r
                0x0000000008003e2c        0xc d:/software/stm32cubeide/en.st-stm32cubeide_1.9.0_12015_20220302_0855_x86_64.exe_v1.9.0/stm32cubeide_1.9.0/stm32cubeide/plugins/com.st.stm32cube.ide.mcu.externaltools.gnu-tools-for-stm32.10.3-2021.10.win32_1.0.0.202111181127/tools/bin/../lib/gcc/arm-none-eabi/10.3.1/../../../../arm-none-eabi/lib/thumb/v7e-m+fp/hard\libc_nano.a(lib_a-findfp.o)
                0x0000000008003e2c                _cleanup_r
 .text.__sfmoreglue
                0x0000000008003e38       0x2c d:/software/stm32cubeide/en.st-stm32cubeide_1.9.0_12015_20220302_0855_x86_64.exe_v1.9.0/stm32cubeide_1.9.0/stm32cubeide/plugins/com.st.stm32cube.ide.mcu.externaltools.gnu-tools-for-stm32.10.3-2021.10.win32_1.0.0.202111181127/tools/bin/../lib/gcc/arm-none-eabi/10.3.1/../../../../arm-none-eabi/lib/thumb/v7e-m+fp/hard\libc_nano.a(lib_a-findfp.o)
                0x0000000008003e38                __sfmoreglue
 .text.__sfp_lock_acquire
                0x0000000008003e64        0xc d:/software/stm32cubeide/en.st-stm32cubeide_1.9.0_12015_20220302_0855_x86_64.exe_v1.9.0/stm32cubeide_1.9.0/stm32cubeide/plugins/com.st.stm32cube.ide.mcu.externaltools.gnu-tools-for-stm32.10.3-2021.10.win32_1.0.0.202111181127/tools/bin/../lib/gcc/arm-none-eabi/10.3.1/../../../../arm-none-eabi/lib/thumb/v7e-m+fp/hard\libc_nano.a(lib_a-findfp.o)
                0x0000000008003e64                __sfp_lock_acquire
 .text.__sfp_lock_release
                0x0000000008003e70        0xc d:/software/stm32cubeide/en.st-stm32cubeide_1.9.0_12015_20220302_0855_x86_64.exe_v1.9.0/stm32cubeide_1.9.0/stm32cubeide/plugins/com.st.stm32cube.ide.mcu.externaltools.gnu-tools-for-stm32.10.3-2021.10.win32_1.0.0.202111181127/tools/bin/../lib/gcc/arm-none-eabi/10.3.1/../../../../arm-none-eabi/lib/thumb/v7e-m+fp/hard\libc_nano.a(lib_a-findfp.o)
                0x0000000008003e70                __sfp_lock_release
 .text.__sinit_lock_acquire
                0x0000000008003e7c        0xc d:/software/stm32cubeide/en.st-stm32cubeide_1.9.0_12015_20220302_0855_x86_64.exe_v1.9.0/stm32cubeide_1.9.0/stm32cubeide/plugins/com.st.stm32cube.ide.mcu.externaltools.gnu-tools-for-stm32.10.3-2021.10.win32_1.0.0.202111181127/tools/bin/../lib/gcc/arm-none-eabi/10.3.1/../../../../arm-none-eabi/lib/thumb/v7e-m+fp/hard\libc_nano.a(lib_a-findfp.o)
                0x0000000008003e7c                __sinit_lock_acquire
 .text.__sinit_lock_release
                0x0000000008003e88        0xc d:/software/stm32cubeide/en.st-stm32cubeide_1.9.0_12015_20220302_0855_x86_64.exe_v1.9.0/stm32cubeide_1.9.0/stm32cubeide/plugins/com.st.stm32cube.ide.mcu.externaltools.gnu-tools-for-stm32.10.3-2021.10.win32_1.0.0.202111181127/tools/bin/../lib/gcc/arm-none-eabi/10.3.1/../../../../arm-none-eabi/lib/thumb/v7e-m+fp/hard\libc_nano.a(lib_a-findfp.o)
                0x0000000008003e88                __sinit_lock_release
 .text.__sinit  0x0000000008003e94       0x70 d:/software/stm32cubeide/en.st-stm32cubeide_1.9.0_12015_20220302_0855_x86_64.exe_v1.9.0/stm32cubeide_1.9.0/stm32cubeide/plugins/com.st.stm32cube.ide.mcu.externaltools.gnu-tools-for-stm32.10.3-2021.10.win32_1.0.0.202111181127/tools/bin/../lib/gcc/arm-none-eabi/10.3.1/../../../../arm-none-eabi/lib/thumb/v7e-m+fp/hard\libc_nano.a(lib_a-findfp.o)
                0x0000000008003e94                __sinit
 .text.__sfp    0x0000000008003f04       0x8c d:/software/stm32cubeide/en.st-stm32cubeide_1.9.0_12015_20220302_0855_x86_64.exe_v1.9.0/stm32cubeide_1.9.0/stm32cubeide/plugins/com.st.stm32cube.ide.mcu.externaltools.gnu-tools-for-stm32.10.3-2021.10.win32_1.0.0.202111181127/tools/bin/../lib/gcc/arm-none-eabi/10.3.1/../../../../arm-none-eabi/lib/thumb/v7e-m+fp/hard\libc_nano.a(lib_a-findfp.o)
                0x0000000008003f04                __sfp
 .text._fwalk_reent
                0x0000000008003f90       0x3e d:/software/stm32cubeide/en.st-stm32cubeide_1.9.0_12015_20220302_0855_x86_64.exe_v1.9.0/stm32cubeide_1.9.0/stm32cubeide/plugins/com.st.stm32cube.ide.mcu.externaltools.gnu-tools-for-stm32.10.3-2021.10.win32_1.0.0.202111181127/tools/bin/../lib/gcc/arm-none-eabi/10.3.1/../../../../arm-none-eabi/lib/thumb/v7e-m+fp/hard\libc_nano.a(lib_a-fwalk.o)
                0x0000000008003f90                _fwalk_reent
 .text.__retarget_lock_init_recursive
                0x0000000008003fce        0x2 d:/software/stm32cubeide/en.st-stm32cubeide_1.9.0_12015_20220302_0855_x86_64.exe_v1.9.0/stm32cubeide_1.9.0/stm32cubeide/plugins/com.st.stm32cube.ide.mcu.externaltools.gnu-tools-for-stm32.10.3-2021.10.win32_1.0.0.202111181127/tools/bin/../lib/gcc/arm-none-eabi/10.3.1/../../../../arm-none-eabi/lib/thumb/v7e-m+fp/hard\libc_nano.a(lib_a-lock.o)
                0x0000000008003fce                __retarget_lock_init_recursive
 .text.__retarget_lock_acquire_recursive
                0x0000000008003fd0        0x2 d:/software/stm32cubeide/en.st-stm32cubeide_1.9.0_12015_20220302_0855_x86_64.exe_v1.9.0/stm32cubeide_1.9.0/stm32cubeide/plugins/com.st.stm32cube.ide.mcu.externaltools.gnu-tools-for-stm32.10.3-2021.10.win32_1.0.0.202111181127/tools/bin/../lib/gcc/arm-none-eabi/10.3.1/../../../../arm-none-eabi/lib/thumb/v7e-m+fp/hard\libc_nano.a(lib_a-lock.o)
                0x0000000008003fd0                __retarget_lock_acquire_recursive
 .text.__retarget_lock_release_recursive
                0x0000000008003fd2        0x2 d:/software/stm32cubeide/en.st-stm32cubeide_1.9.0_12015_20220302_0855_x86_64.exe_v1.9.0/stm32cubeide_1.9.0/stm32cubeide/plugins/com.st.stm32cube.ide.mcu.externaltools.gnu-tools-for-stm32.10.3-2021.10.win32_1.0.0.202111181127/tools/bin/../lib/gcc/arm-none-eabi/10.3.1/../../../../arm-none-eabi/lib/thumb/v7e-m+fp/hard\libc_nano.a(lib_a-lock.o)
                0x0000000008003fd2                __retarget_lock_release_recursive
 .text.__swhatbuf_r
                0x0000000008003fd4       0x4a d:/software/stm32cubeide/en.st-stm32cubeide_1.9.0_12015_20220302_0855_x86_64.exe_v1.9.0/stm32cubeide_1.9.0/stm32cubeide/plugins/com.st.stm32cube.ide.mcu.externaltools.gnu-tools-for-stm32.10.3-2021.10.win32_1.0.0.202111181127/tools/bin/../lib/gcc/arm-none-eabi/10.3.1/../../../../arm-none-eabi/lib/thumb/v7e-m+fp/hard\libc_nano.a(lib_a-makebuf.o)
                0x0000000008003fd4                __swhatbuf_r
 *fill*         0x000000000800401e        0x2 
 .text.__smakebuf_r
                0x0000000008004020       0x80 d:/software/stm32cubeide/en.st-stm32cubeide_1.9.0_12015_20220302_0855_x86_64.exe_v1.9.0/stm32cubeide_1.9.0/stm32cubeide/plugins/com.st.stm32cube.ide.mcu.externaltools.gnu-tools-for-stm32.10.3-2021.10.win32_1.0.0.202111181127/tools/bin/../lib/gcc/arm-none-eabi/10.3.1/../../../../arm-none-eabi/lib/thumb/v7e-m+fp/hard\libc_nano.a(lib_a-makebuf.o)
                0x0000000008004020                __smakebuf_r
 .text._free_r  0x00000000080040a0       0x98 d:/software/stm32cubeide/en.st-stm32cubeide_1.9.0_12015_20220302_0855_x86_64.exe_v1.9.0/stm32cubeide_1.9.0/stm32cubeide/plugins/com.st.stm32cube.ide.mcu.externaltools.gnu-tools-for-stm32.10.3-2021.10.win32_1.0.0.202111181127/tools/bin/../lib/gcc/arm-none-eabi/10.3.1/../../../../arm-none-eabi/lib/thumb/v7e-m+fp/hard\libc_nano.a(lib_a-nano-freer.o)
                0x00000000080040a0                _free_r
 .text.sbrk_aligned
                0x0000000008004138       0x40 d:/software/stm32cubeide/en.st-stm32cubeide_1.9.0_12015_20220302_0855_x86_64.exe_v1.9.0/stm32cubeide_1.9.0/stm32cubeide/plugins/com.st.stm32cube.ide.mcu.externaltools.gnu-tools-for-stm32.10.3-2021.10.win32_1.0.0.202111181127/tools/bin/../lib/gcc/arm-none-eabi/10.3.1/../../../../arm-none-eabi/lib/thumb/v7e-m+fp/hard\libc_nano.a(lib_a-nano-mallocr.o)
 .text._malloc_r
                0x0000000008004178       0xe8 d:/software/stm32cubeide/en.st-stm32cubeide_1.9.0_12015_20220302_0855_x86_64.exe_v1.9.0/stm32cubeide_1.9.0/stm32cubeide/plugins/com.st.stm32cube.ide.mcu.externaltools.gnu-tools-for-stm32.10.3-2021.10.win32_1.0.0.202111181127/tools/bin/../lib/gcc/arm-none-eabi/10.3.1/../../../../arm-none-eabi/lib/thumb/v7e-m+fp/hard\libc_nano.a(lib_a-nano-mallocr.o)
                0x0000000008004178                _malloc_r
 .text._sbrk_r  0x0000000008004260       0x20 d:/software/stm32cubeide/en.st-stm32cubeide_1.9.0_12015_20220302_0855_x86_64.exe_v1.9.0/stm32cubeide_1.9.0/stm32cubeide/plugins/com.st.stm32cube.ide.mcu.externaltools.gnu-tools-for-stm32.10.3-2021.10.win32_1.0.0.202111181127/tools/bin/../lib/gcc/arm-none-eabi/10.3.1/../../../../arm-none-eabi/lib/thumb/v7e-m+fp/hard\libc_nano.a(lib_a-sbrkr.o)
                0x0000000008004260                _sbrk_r
 .text.__sread  0x0000000008004280       0x22 d:/software/stm32cubeide/en.st-stm32cubeide_1.9.0_12015_20220302_0855_x86_64.exe_v1.9.0/stm32cubeide_1.9.0/stm32cubeide/plugins/com.st.stm32cube.ide.mcu.externaltools.gnu-tools-for-stm32.10.3-2021.10.win32_1.0.0.202111181127/tools/bin/../lib/gcc/arm-none-eabi/10.3.1/../../../../arm-none-eabi/lib/thumb/v7e-m+fp/hard\libc_nano.a(lib_a-stdio.o)
                0x0000000008004280                __sread
 .text.__swrite
                0x00000000080042a2       0x38 d:/software/stm32cubeide/en.st-stm32cubeide_1.9.0_12015_20220302_0855_x86_64.exe_v1.9.0/stm32cubeide_1.9.0/stm32cubeide/plugins/com.st.stm32cube.ide.mcu.externaltools.gnu-tools-for-stm32.10.3-2021.10.win32_1.0.0.202111181127/tools/bin/../lib/gcc/arm-none-eabi/10.3.1/../../../../arm-none-eabi/lib/thumb/v7e-m+fp/hard\libc_nano.a(lib_a-stdio.o)
                0x00000000080042a2                __swrite
 .text.__sseek  0x00000000080042da       0x24 d:/software/stm32cubeide/en.st-stm32cubeide_1.9.0_12015_20220302_0855_x86_64.exe_v1.9.0/stm32cubeide_1.9.0/stm32cubeide/plugins/com.st.stm32cube.ide.mcu.externaltools.gnu-tools-for-stm32.10.3-2021.10.win32_1.0.0.202111181127/tools/bin/../lib/gcc/arm-none-eabi/10.3.1/../../../../arm-none-eabi/lib/thumb/v7e-m+fp/hard\libc_nano.a(lib_a-stdio.o)
                0x00000000080042da                __sseek
 .text.__sclose
                0x00000000080042fe        0x8 d:/software/stm32cubeide/en.st-stm32cubeide_1.9.0_12015_20220302_0855_x86_64.exe_v1.9.0/stm32cubeide_1.9.0/stm32cubeide/plugins/com.st.stm32cube.ide.mcu.externaltools.gnu-tools-for-stm32.10.3-2021.10.win32_1.0.0.202111181127/tools/bin/../lib/gcc/arm-none-eabi/10.3.1/../../../../arm-none-eabi/lib/thumb/v7e-m+fp/hard\libc_nano.a(lib_a-stdio.o)
                0x00000000080042fe                __sclose
 *fill*         0x0000000008004306        0x2 
 .text._write_r
                0x0000000008004308       0x24 d:/software/stm32cubeide/en.st-stm32cubeide_1.9.0_12015_20220302_0855_x86_64.exe_v1.9.0/stm32cubeide_1.9.0/stm32cubeide/plugins/com.st.stm32cube.ide.mcu.externaltools.gnu-tools-for-stm32.10.3-2021.10.win32_1.0.0.202111181127/tools/bin/../lib/gcc/arm-none-eabi/10.3.1/../../../../arm-none-eabi/lib/thumb/v7e-m+fp/hard\libc_nano.a(lib_a-writer.o)
                0x0000000008004308                _write_r
 .text._close_r
                0x000000000800432c       0x20 d:/software/stm32cubeide/en.st-stm32cubeide_1.9.0_12015_20220302_0855_x86_64.exe_v1.9.0/stm32cubeide_1.9.0/stm32cubeide/plugins/com.st.stm32cube.ide.mcu.externaltools.gnu-tools-for-stm32.10.3-2021.10.win32_1.0.0.202111181127/tools/bin/../lib/gcc/arm-none-eabi/10.3.1/../../../../arm-none-eabi/lib/thumb/v7e-m+fp/hard\libc_nano.a(lib_a-closer.o)
                0x000000000800432c                _close_r
 .text._fstat_r
                0x000000000800434c       0x24 d:/software/stm32cubeide/en.st-stm32cubeide_1.9.0_12015_20220302_0855_x86_64.exe_v1.9.0/stm32cubeide_1.9.0/stm32cubeide/plugins/com.st.stm32cube.ide.mcu.externaltools.gnu-tools-for-stm32.10.3-2021.10.win32_1.0.0.202111181127/tools/bin/../lib/gcc/arm-none-eabi/10.3.1/../../../../arm-none-eabi/lib/thumb/v7e-m+fp/hard\libc_nano.a(lib_a-fstatr.o)
                0x000000000800434c                _fstat_r
 .text._isatty_r
                0x0000000008004370       0x20 d:/software/stm32cubeide/en.st-stm32cubeide_1.9.0_12015_20220302_0855_x86_64.exe_v1.9.0/stm32cubeide_1.9.0/stm32cubeide/plugins/com.st.stm32cube.ide.mcu.externaltools.gnu-tools-for-stm32.10.3-2021.10.win32_1.0.0.202111181127/tools/bin/../lib/gcc/arm-none-eabi/10.3.1/../../../../arm-none-eabi/lib/thumb/v7e-m+fp/hard\libc_nano.a(lib_a-isattyr.o)
                0x0000000008004370                _isatty_r
 .text._lseek_r
                0x0000000008004390       0x24 d:/software/stm32cubeide/en.st-stm32cubeide_1.9.0_12015_20220302_0855_x86_64.exe_v1.9.0/stm32cubeide_1.9.0/stm32cubeide/plugins/com.st.stm32cube.ide.mcu.externaltools.gnu-tools-for-stm32.10.3-2021.10.win32_1.0.0.202111181127/tools/bin/../lib/gcc/arm-none-eabi/10.3.1/../../../../arm-none-eabi/lib/thumb/v7e-m+fp/hard\libc_nano.a(lib_a-lseekr.o)
                0x0000000008004390                _lseek_r
 .text.__malloc_lock
                0x00000000080043b4        0xc d:/software/stm32cubeide/en.st-stm32cubeide_1.9.0_12015_20220302_0855_x86_64.exe_v1.9.0/stm32cubeide_1.9.0/stm32cubeide/plugins/com.st.stm32cube.ide.mcu.externaltools.gnu-tools-for-stm32.10.3-2021.10.win32_1.0.0.202111181127/tools/bin/../lib/gcc/arm-none-eabi/10.3.1/../../../../arm-none-eabi/lib/thumb/v7e-m+fp/hard\libc_nano.a(lib_a-mlock.o)
                0x00000000080043b4                __malloc_lock
 .text.__malloc_unlock
                0x00000000080043c0        0xc d:/software/stm32cubeide/en.st-stm32cubeide_1.9.0_12015_20220302_0855_x86_64.exe_v1.9.0/stm32cubeide_1.9.0/stm32cubeide/plugins/com.st.stm32cube.ide.mcu.externaltools.gnu-tools-for-stm32.10.3-2021.10.win32_1.0.0.202111181127/tools/bin/../lib/gcc/arm-none-eabi/10.3.1/../../../../arm-none-eabi/lib/thumb/v7e-m+fp/hard\libc_nano.a(lib_a-mlock.o)
                0x00000000080043c0                __malloc_unlock
 .text._read_r  0x00000000080043cc       0x24 d:/software/stm32cubeide/en.st-stm32cubeide_1.9.0_12015_20220302_0855_x86_64.exe_v1.9.0/stm32cubeide_1.9.0/stm32cubeide/plugins/com.st.stm32cube.ide.mcu.externaltools.gnu-tools-for-stm32.10.3-2021.10.win32_1.0.0.202111181127/tools/bin/../lib/gcc/arm-none-eabi/10.3.1/../../../../arm-none-eabi/lib/thumb/v7e-m+fp/hard\libc_nano.a(lib_a-readr.o)
                0x00000000080043cc                _read_r
 *(.glue_7)
 .glue_7        0x00000000080043f0        0x0 linker stubs
 *(.glue_7t)
 .glue_7t       0x00000000080043f0        0x0 linker stubs
 *(.eh_frame)
 .eh_frame      0x00000000080043f0        0x0 d:/software/stm32cubeide/en.st-stm32cubeide_1.9.0_12015_20220302_0855_x86_64.exe_v1.9.0/stm32cubeide_1.9.0/stm32cubeide/plugins/com.st.stm32cube.ide.mcu.externaltools.gnu-tools-for-stm32.10.3-2021.10.win32_1.0.0.202111181127/tools/bin/../lib/gcc/arm-none-eabi/10.3.1/thumb/v7e-m+fp/hard/crtbegin.o
 *(.init)
 .init          0x00000000080043f0        0x4 d:/software/stm32cubeide/en.st-stm32cubeide_1.9.0_12015_20220302_0855_x86_64.exe_v1.9.0/stm32cubeide_1.9.0/stm32cubeide/plugins/com.st.stm32cube.ide.mcu.externaltools.gnu-tools-for-stm32.10.3-2021.10.win32_1.0.0.202111181127/tools/bin/../lib/gcc/arm-none-eabi/10.3.1/thumb/v7e-m+fp/hard/crti.o
                0x00000000080043f0                _init
 .init          0x00000000080043f4        0x8 d:/software/stm32cubeide/en.st-stm32cubeide_1.9.0_12015_20220302_0855_x86_64.exe_v1.9.0/stm32cubeide_1.9.0/stm32cubeide/plugins/com.st.stm32cube.ide.mcu.externaltools.gnu-tools-for-stm32.10.3-2021.10.win32_1.0.0.202111181127/tools/bin/../lib/gcc/arm-none-eabi/10.3.1/thumb/v7e-m+fp/hard/crtn.o
 *(.fini)
 .fini          0x00000000080043fc        0x4 d:/software/stm32cubeide/en.st-stm32cubeide_1.9.0_12015_20220302_0855_x86_64.exe_v1.9.0/stm32cubeide_1.9.0/stm32cubeide/plugins/com.st.stm32cube.ide.mcu.externaltools.gnu-tools-for-stm32.10.3-2021.10.win32_1.0.0.202111181127/tools/bin/../lib/gcc/arm-none-eabi/10.3.1/thumb/v7e-m+fp/hard/crti.o
                0x00000000080043fc                _fini
 .fini          0x0000000008004400        0x8 d:/software/stm32cubeide/en.st-stm32cubeide_1.9.0_12015_20220302_0855_x86_64.exe_v1.9.0/stm32cubeide_1.9.0/stm32cubeide/plugins/com.st.stm32cube.ide.mcu.externaltools.gnu-tools-for-stm32.10.3-2021.10.win32_1.0.0.202111181127/tools/bin/../lib/gcc/arm-none-eabi/10.3.1/thumb/v7e-m+fp/hard/crtn.o
                0x0000000008004408                . = ALIGN (0x4)
                0x0000000008004408                _etext = .

.vfp11_veneer   0x0000000008004408        0x0
 .vfp11_veneer  0x0000000008004408        0x0 linker stubs

.v4_bx          0x0000000008004408        0x0
 .v4_bx         0x0000000008004408        0x0 linker stubs

.iplt           0x0000000008004408        0x0
 .iplt          0x0000000008004408        0x0 d:/software/stm32cubeide/en.st-stm32cubeide_1.9.0_12015_20220302_0855_x86_64.exe_v1.9.0/stm32cubeide_1.9.0/stm32cubeide/plugins/com.st.stm32cube.ide.mcu.externaltools.gnu-tools-for-stm32.10.3-2021.10.win32_1.0.0.202111181127/tools/bin/../lib/gcc/arm-none-eabi/10.3.1/thumb/v7e-m+fp/hard/crtbegin.o

.rodata         0x0000000008004408      0x114
                0x0000000008004408                . = ALIGN (0x4)
 *(.rodata)
 .rodata        0x0000000008004408        0x4 ./Core/Src/main.o
 .rodata        0x000000000800440c       0x2c ./Drivers/STM32WBxx_HAL_Driver/Src/stm32wbxx_hal_rcc.o
 *(.rodata*)
 .rodata.AHBPrescTable
                0x0000000008004438       0x40 ./Core/Src/system_stm32wbxx.o
                0x0000000008004438                AHBPrescTable
 .rodata.MSIRangeTable
                0x0000000008004478       0x40 ./Core/Src/system_stm32wbxx.o
                0x0000000008004478                MSIRangeTable
 .rodata._global_impure_ptr
                0x00000000080044b8        0x4 d:/software/stm32cubeide/en.st-stm32cubeide_1.9.0_12015_20220302_0855_x86_64.exe_v1.9.0/stm32cubeide_1.9.0/stm32cubeide/plugins/com.st.stm32cube.ide.mcu.externaltools.gnu-tools-for-stm32.10.3-2021.10.win32_1.0.0.202111181127/tools/bin/../lib/gcc/arm-none-eabi/10.3.1/../../../../arm-none-eabi/lib/thumb/v7e-m+fp/hard\libc_nano.a(lib_a-impure.o)
                0x00000000080044b8                _global_impure_ptr
 .rodata.__sf_fake_stderr
                0x00000000080044bc       0x20 d:/software/stm32cubeide/en.st-stm32cubeide_1.9.0_12015_20220302_0855_x86_64.exe_v1.9.0/stm32cubeide_1.9.0/stm32cubeide/plugins/com.st.stm32cube.ide.mcu.externaltools.gnu-tools-for-stm32.10.3-2021.10.win32_1.0.0.202111181127/tools/bin/../lib/gcc/arm-none-eabi/10.3.1/../../../../arm-none-eabi/lib/thumb/v7e-m+fp/hard\libc_nano.a(lib_a-findfp.o)
                0x00000000080044bc                __sf_fake_stderr
 .rodata.__sf_fake_stdin
                0x00000000080044dc       0x20 d:/software/stm32cubeide/en.st-stm32cubeide_1.9.0_12015_20220302_0855_x86_64.exe_v1.9.0/stm32cubeide_1.9.0/stm32cubeide/plugins/com.st.stm32cube.ide.mcu.externaltools.gnu-tools-for-stm32.10.3-2021.10.win32_1.0.0.202111181127/tools/bin/../lib/gcc/arm-none-eabi/10.3.1/../../../../arm-none-eabi/lib/thumb/v7e-m+fp/hard\libc_nano.a(lib_a-findfp.o)
                0x00000000080044dc                __sf_fake_stdin
 .rodata.__sf_fake_stdout
                0x00000000080044fc       0x20 d:/software/stm32cubeide/en.st-stm32cubeide_1.9.0_12015_20220302_0855_x86_64.exe_v1.9.0/stm32cubeide_1.9.0/stm32cubeide/plugins/com.st.stm32cube.ide.mcu.externaltools.gnu-tools-for-stm32.10.3-2021.10.win32_1.0.0.202111181127/tools/bin/../lib/gcc/arm-none-eabi/10.3.1/../../../../arm-none-eabi/lib/thumb/v7e-m+fp/hard\libc_nano.a(lib_a-findfp.o)
                0x00000000080044fc                __sf_fake_stdout
                0x000000000800451c                . = ALIGN (0x4)

.rel.dyn        0x000000000800451c        0x0
 .rel.iplt      0x000000000800451c        0x0 d:/software/stm32cubeide/en.st-stm32cubeide_1.9.0_12015_20220302_0855_x86_64.exe_v1.9.0/stm32cubeide_1.9.0/stm32cubeide/plugins/com.st.stm32cube.ide.mcu.externaltools.gnu-tools-for-stm32.10.3-2021.10.win32_1.0.0.202111181127/tools/bin/../lib/gcc/arm-none-eabi/10.3.1/thumb/v7e-m+fp/hard/crtbegin.o

.ARM.extab
 *(.ARM.extab* .gnu.linkonce.armextab.*)

.ARM            0x000000000800451c        0x0
                0x000000000800451c                __exidx_start = .
 *(.ARM.exidx*)
                0x000000000800451c                __exidx_end = .

.preinit_array  0x000000000800451c        0x0
                0x000000000800451c                PROVIDE (__preinit_array_start = .)
 *(.preinit_array*)
                0x000000000800451c                PROVIDE (__preinit_array_end = .)

.init_array     0x000000000800451c        0x4
                0x000000000800451c                PROVIDE (__init_array_start = .)
 *(SORT_BY_NAME(.init_array.*))
 *(.init_array*)
 .init_array    0x000000000800451c        0x4 d:/software/stm32cubeide/en.st-stm32cubeide_1.9.0_12015_20220302_0855_x86_64.exe_v1.9.0/stm32cubeide_1.9.0/stm32cubeide/plugins/com.st.stm32cube.ide.mcu.externaltools.gnu-tools-for-stm32.10.3-2021.10.win32_1.0.0.202111181127/tools/bin/../lib/gcc/arm-none-eabi/10.3.1/thumb/v7e-m+fp/hard/crtbegin.o
                0x0000000008004520                PROVIDE (__init_array_end = .)

.fini_array     0x0000000008004520        0x4
                [!provide]                        PROVIDE (__fini_array_start = .)
 *(SORT_BY_NAME(.fini_array.*))
 *(.fini_array*)
 .fini_array    0x0000000008004520        0x4 d:/software/stm32cubeide/en.st-stm32cubeide_1.9.0_12015_20220302_0855_x86_64.exe_v1.9.0/stm32cubeide_1.9.0/stm32cubeide/plugins/com.st.stm32cube.ide.mcu.externaltools.gnu-tools-for-stm32.10.3-2021.10.win32_1.0.0.202111181127/tools/bin/../lib/gcc/arm-none-eabi/10.3.1/thumb/v7e-m+fp/hard/crtbegin.o
                [!provide]                        PROVIDE (__fini_array_end = .)
                0x0000000008004524                _sidata = LOADADDR (.data)

.data           0x0000000020000004       0x70 load address 0x0000000008004524
                0x0000000020000004                . = ALIGN (0x4)
                0x0000000020000004                _sdata = .
 *(.data)
 *(.data*)
 .data.SystemCoreClock
                0x0000000020000004        0x4 ./Core/Src/system_stm32wbxx.o
                0x0000000020000004                SystemCoreClock
 .data.uwTickPrio
                0x0000000020000008        0x4 ./Drivers/STM32WBxx_HAL_Driver/Src/stm32wbxx_hal.o
                0x0000000020000008                uwTickPrio
 .data.uwTickFreq
                0x000000002000000c        0x1 ./Drivers/STM32WBxx_HAL_Driver/Src/stm32wbxx_hal.o
                0x000000002000000c                uwTickFreq
 *fill*         0x000000002000000d        0x3 
 .data._impure_ptr
                0x0000000020000010        0x4 d:/software/stm32cubeide/en.st-stm32cubeide_1.9.0_12015_20220302_0855_x86_64.exe_v1.9.0/stm32cubeide_1.9.0/stm32cubeide/plugins/com.st.stm32cube.ide.mcu.externaltools.gnu-tools-for-stm32.10.3-2021.10.win32_1.0.0.202111181127/tools/bin/../lib/gcc/arm-none-eabi/10.3.1/../../../../arm-none-eabi/lib/thumb/v7e-m+fp/hard\libc_nano.a(lib_a-impure.o)
                0x0000000020000010                _impure_ptr
 .data.impure_data
                0x0000000020000014       0x60 d:/software/stm32cubeide/en.st-stm32cubeide_1.9.0_12015_20220302_0855_x86_64.exe_v1.9.0/stm32cubeide_1.9.0/stm32cubeide/plugins/com.st.stm32cube.ide.mcu.externaltools.gnu-tools-for-stm32.10.3-2021.10.win32_1.0.0.202111181127/tools/bin/../lib/gcc/arm-none-eabi/10.3.1/../../../../arm-none-eabi/lib/thumb/v7e-m+fp/hard\libc_nano.a(lib_a-impure.o)
 *(.RamFunc)
 *(.RamFunc*)
                0x0000000020000074                . = ALIGN (0x4)
                0x0000000020000074                _edata = .

.igot.plt       0x0000000020000074        0x0 load address 0x0000000008004594
 .igot.plt      0x0000000020000074        0x0 d:/software/stm32cubeide/en.st-stm32cubeide_1.9.0_12015_20220302_0855_x86_64.exe_v1.9.0/stm32cubeide_1.9.0/stm32cubeide/plugins/com.st.stm32cube.ide.mcu.externaltools.gnu-tools-for-stm32.10.3-2021.10.win32_1.0.0.202111181127/tools/bin/../lib/gcc/arm-none-eabi/10.3.1/thumb/v7e-m+fp/hard/crtbegin.o
                0x0000000020000074                . = ALIGN (0x4)

.bss            0x0000000020000074       0x7c load address 0x0000000008004594
                0x0000000020000074                _sbss = .
                0x0000000020000074                __bss_start__ = _sbss
 *(.bss)
 .bss           0x0000000020000074       0x1c d:/software/stm32cubeide/en.st-stm32cubeide_1.9.0_12015_20220302_0855_x86_64.exe_v1.9.0/stm32cubeide_1.9.0/stm32cubeide/plugins/com.st.stm32cube.ide.mcu.externaltools.gnu-tools-for-stm32.10.3-2021.10.win32_1.0.0.202111181127/tools/bin/../lib/gcc/arm-none-eabi/10.3.1/thumb/v7e-m+fp/hard/crtbegin.o
 *(.bss*)
 .bss.hqspi     0x0000000020000090       0x44 ./Core/Src/main.o
                0x0000000020000090                hqspi
 .bss.buf       0x00000000200000d4        0x4 ./Core/Src/main.o
                0x00000000200000d4                buf
 .bss.__sbrk_heap_end
                0x00000000200000d8        0x4 ./Core/Src/sysmem.o
 .bss.uwTick    0x00000000200000dc        0x4 ./Drivers/STM32WBxx_HAL_Driver/Src/stm32wbxx_hal.o
                0x00000000200000dc                uwTick
 .bss.__lock___malloc_recursive_mutex
                0x00000000200000e0        0x1 d:/software/stm32cubeide/en.st-stm32cubeide_1.9.0_12015_20220302_0855_x86_64.exe_v1.9.0/stm32cubeide_1.9.0/stm32cubeide/plugins/com.st.stm32cube.ide.mcu.externaltools.gnu-tools-for-stm32.10.3-2021.10.win32_1.0.0.202111181127/tools/bin/../lib/gcc/arm-none-eabi/10.3.1/../../../../arm-none-eabi/lib/thumb/v7e-m+fp/hard\libc_nano.a(lib_a-lock.o)
                0x00000000200000e0                __lock___malloc_recursive_mutex
 .bss.__lock___sfp_recursive_mutex
                0x00000000200000e1        0x1 d:/software/stm32cubeide/en.st-stm32cubeide_1.9.0_12015_20220302_0855_x86_64.exe_v1.9.0/stm32cubeide_1.9.0/stm32cubeide/plugins/com.st.stm32cube.ide.mcu.externaltools.gnu-tools-for-stm32.10.3-2021.10.win32_1.0.0.202111181127/tools/bin/../lib/gcc/arm-none-eabi/10.3.1/../../../../arm-none-eabi/lib/thumb/v7e-m+fp/hard\libc_nano.a(lib_a-lock.o)
                0x00000000200000e1                __lock___sfp_recursive_mutex
 .bss.__lock___sinit_recursive_mutex
                0x00000000200000e2        0x1 d:/software/stm32cubeide/en.st-stm32cubeide_1.9.0_12015_20220302_0855_x86_64.exe_v1.9.0/stm32cubeide_1.9.0/stm32cubeide/plugins/com.st.stm32cube.ide.mcu.externaltools.gnu-tools-for-stm32.10.3-2021.10.win32_1.0.0.202111181127/tools/bin/../lib/gcc/arm-none-eabi/10.3.1/../../../../arm-none-eabi/lib/thumb/v7e-m+fp/hard\libc_nano.a(lib_a-lock.o)
                0x00000000200000e2                __lock___sinit_recursive_mutex
 *fill*         0x00000000200000e3        0x1 
 .bss.__malloc_free_list
                0x00000000200000e4        0x4 d:/software/stm32cubeide/en.st-stm32cubeide_1.9.0_12015_20220302_0855_x86_64.exe_v1.9.0/stm32cubeide_1.9.0/stm32cubeide/plugins/com.st.stm32cube.ide.mcu.externaltools.gnu-tools-for-stm32.10.3-2021.10.win32_1.0.0.202111181127/tools/bin/../lib/gcc/arm-none-eabi/10.3.1/../../../../arm-none-eabi/lib/thumb/v7e-m+fp/hard\libc_nano.a(lib_a-nano-mallocr.o)
                0x00000000200000e4                __malloc_free_list
 .bss.__malloc_sbrk_start
                0x00000000200000e8        0x4 d:/software/stm32cubeide/en.st-stm32cubeide_1.9.0_12015_20220302_0855_x86_64.exe_v1.9.0/stm32cubeide_1.9.0/stm32cubeide/plugins/com.st.stm32cube.ide.mcu.externaltools.gnu-tools-for-stm32.10.3-2021.10.win32_1.0.0.202111181127/tools/bin/../lib/gcc/arm-none-eabi/10.3.1/../../../../arm-none-eabi/lib/thumb/v7e-m+fp/hard\libc_nano.a(lib_a-nano-mallocr.o)
                0x00000000200000e8                __malloc_sbrk_start
 .bss.errno     0x00000000200000ec        0x4 d:/software/stm32cubeide/en.st-stm32cubeide_1.9.0_12015_20220302_0855_x86_64.exe_v1.9.0/stm32cubeide_1.9.0/stm32cubeide/plugins/com.st.stm32cube.ide.mcu.externaltools.gnu-tools-for-stm32.10.3-2021.10.win32_1.0.0.202111181127/tools/bin/../lib/gcc/arm-none-eabi/10.3.1/../../../../arm-none-eabi/lib/thumb/v7e-m+fp/hard\libc_nano.a(lib_a-reent.o)
                0x00000000200000ec                errno
 *(COMMON)
                0x00000000200000f0                . = ALIGN (0x4)
                0x00000000200000f0                _ebss = .
                0x00000000200000f0                __bss_end__ = _ebss

._user_heap_stack
                0x00000000200000f0      0x600 load address 0x0000000008004594
                0x00000000200000f0                . = ALIGN (0x8)
                [!provide]                        PROVIDE (end = .)
                0x00000000200000f0                PROVIDE (_end = .)
                0x00000000200002f0                . = (. + _Min_Heap_Size)
 *fill*         0x00000000200000f0      0x200 
                0x00000000200006f0                . = (. + _Min_Stack_Size)
 *fill*         0x00000000200002f0      0x400 
                0x00000000200006f0                . = ALIGN (0x8)

/DISCARD/
 libc.a(*)
 libm.a(*)
 libgcc.a(*)

.ARM.attributes
                0x0000000000000000       0x30
 *(.ARM.attributes)
 .ARM.attributes
                0x0000000000000000       0x1e d:/software/stm32cubeide/en.st-stm32cubeide_1.9.0_12015_20220302_0855_x86_64.exe_v1.9.0/stm32cubeide_1.9.0/stm32cubeide/plugins/com.st.stm32cube.ide.mcu.externaltools.gnu-tools-for-stm32.10.3-2021.10.win32_1.0.0.202111181127/tools/bin/../lib/gcc/arm-none-eabi/10.3.1/thumb/v7e-m+fp/hard/crti.o
 .ARM.attributes
                0x000000000000001e       0x34 d:/software/stm32cubeide/en.st-stm32cubeide_1.9.0_12015_20220302_0855_x86_64.exe_v1.9.0/stm32cubeide_1.9.0/stm32cubeide/plugins/com.st.stm32cube.ide.mcu.externaltools.gnu-tools-for-stm32.10.3-2021.10.win32_1.0.0.202111181127/tools/bin/../lib/gcc/arm-none-eabi/10.3.1/thumb/v7e-m+fp/hard/crtbegin.o
 .ARM.attributes
                0x0000000000000052       0x34 ./Core/Src/main.o
 .ARM.attributes
                0x0000000000000086       0x34 ./Core/Src/stm32wbxx_hal_msp.o
 .ARM.attributes
                0x00000000000000ba       0x34 ./Core/Src/stm32wbxx_it.o
 .ARM.attributes
                0x00000000000000ee       0x34 ./Core/Src/syscalls.o
 .ARM.attributes
                0x0000000000000122       0x34 ./Core/Src/sysmem.o
 .ARM.attributes
                0x0000000000000156       0x34 ./Core/Src/system_stm32wbxx.o
 .ARM.attributes
                0x000000000000018a       0x21 ./Core/Startup/startup_stm32wb55rgvx.o
 .ARM.attributes
                0x00000000000001ab       0x34 ./Drivers/STM32WBxx_HAL_Driver/Src/stm32wbxx_hal.o
 .ARM.attributes
                0x00000000000001df       0x34 ./Drivers/STM32WBxx_HAL_Driver/Src/stm32wbxx_hal_cortex.o
 .ARM.attributes
                0x0000000000000213       0x34 ./Drivers/STM32WBxx_HAL_Driver/Src/stm32wbxx_hal_dma.o
 .ARM.attributes
                0x0000000000000247       0x34 ./Drivers/STM32WBxx_HAL_Driver/Src/stm32wbxx_hal_gpio.o
 .ARM.attributes
                0x000000000000027b       0x34 ./Drivers/STM32WBxx_HAL_Driver/Src/stm32wbxx_hal_pwr.o
 .ARM.attributes
                0x00000000000002af       0x34 ./Drivers/STM32WBxx_HAL_Driver/Src/stm32wbxx_hal_pwr_ex.o
 .ARM.attributes
                0x00000000000002e3       0x34 ./Drivers/STM32WBxx_HAL_Driver/Src/stm32wbxx_hal_qspi.o
 .ARM.attributes
                0x0000000000000317       0x34 ./Drivers/STM32WBxx_HAL_Driver/Src/stm32wbxx_hal_rcc.o
 .ARM.attributes
                0x000000000000034b       0x34 ./Drivers/STM32WBxx_HAL_Driver/Src/stm32wbxx_hal_rcc_ex.o
 .ARM.attributes
                0x000000000000037f       0x34 d:/software/stm32cubeide/en.st-stm32cubeide_1.9.0_12015_20220302_0855_x86_64.exe_v1.9.0/stm32cubeide_1.9.0/stm32cubeide/plugins/com.st.stm32cube.ide.mcu.externaltools.gnu-tools-for-stm32.10.3-2021.10.win32_1.0.0.202111181127/tools/bin/../lib/gcc/arm-none-eabi/10.3.1/../../../../arm-none-eabi/lib/thumb/v7e-m+fp/hard\libc_nano.a(lib_a-errno.o)
 .ARM.attributes
                0x00000000000003b3       0x34 d:/software/stm32cubeide/en.st-stm32cubeide_1.9.0_12015_20220302_0855_x86_64.exe_v1.9.0/stm32cubeide_1.9.0/stm32cubeide/plugins/com.st.stm32cube.ide.mcu.externaltools.gnu-tools-for-stm32.10.3-2021.10.win32_1.0.0.202111181127/tools/bin/../lib/gcc/arm-none-eabi/10.3.1/../../../../arm-none-eabi/lib/thumb/v7e-m+fp/hard\libc_nano.a(lib_a-impure.o)
 .ARM.attributes
                0x00000000000003e7       0x34 d:/software/stm32cubeide/en.st-stm32cubeide_1.9.0_12015_20220302_0855_x86_64.exe_v1.9.0/stm32cubeide_1.9.0/stm32cubeide/plugins/com.st.stm32cube.ide.mcu.externaltools.gnu-tools-for-stm32.10.3-2021.10.win32_1.0.0.202111181127/tools/bin/../lib/gcc/arm-none-eabi/10.3.1/../../../../arm-none-eabi/lib/thumb/v7e-m+fp/hard\libc_nano.a(lib_a-init.o)
 .ARM.attributes
                0x000000000000041b       0x34 d:/software/stm32cubeide/en.st-stm32cubeide_1.9.0_12015_20220302_0855_x86_64.exe_v1.9.0/stm32cubeide_1.9.0/stm32cubeide/plugins/com.st.stm32cube.ide.mcu.externaltools.gnu-tools-for-stm32.10.3-2021.10.win32_1.0.0.202111181127/tools/bin/../lib/gcc/arm-none-eabi/10.3.1/../../../../arm-none-eabi/lib/thumb/v7e-m+fp/hard\libc_nano.a(lib_a-memset.o)
 .ARM.attributes
                0x000000000000044f       0x34 d:/software/stm32cubeide/en.st-stm32cubeide_1.9.0_12015_20220302_0855_x86_64.exe_v1.9.0/stm32cubeide_1.9.0/stm32cubeide/plugins/com.st.stm32cube.ide.mcu.externaltools.gnu-tools-for-stm32.10.3-2021.10.win32_1.0.0.202111181127/tools/bin/../lib/gcc/arm-none-eabi/10.3.1/../../../../arm-none-eabi/lib/thumb/v7e-m+fp/hard\libc_nano.a(lib_a-puts.o)
 .ARM.attributes
                0x0000000000000483       0x34 d:/software/stm32cubeide/en.st-stm32cubeide_1.9.0_12015_20220302_0855_x86_64.exe_v1.9.0/stm32cubeide_1.9.0/stm32cubeide/plugins/com.st.stm32cube.ide.mcu.externaltools.gnu-tools-for-stm32.10.3-2021.10.win32_1.0.0.202111181127/tools/bin/../lib/gcc/arm-none-eabi/10.3.1/../../../../arm-none-eabi/lib/thumb/v7e-m+fp/hard\libc_nano.a(lib_a-wbuf.o)
 .ARM.attributes
                0x00000000000004b7       0x34 d:/software/stm32cubeide/en.st-stm32cubeide_1.9.0_12015_20220302_0855_x86_64.exe_v1.9.0/stm32cubeide_1.9.0/stm32cubeide/plugins/com.st.stm32cube.ide.mcu.externaltools.gnu-tools-for-stm32.10.3-2021.10.win32_1.0.0.202111181127/tools/bin/../lib/gcc/arm-none-eabi/10.3.1/../../../../arm-none-eabi/lib/thumb/v7e-m+fp/hard\libc_nano.a(lib_a-wsetup.o)
 .ARM.attributes
                0x00000000000004eb       0x34 d:/software/stm32cubeide/en.st-stm32cubeide_1.9.0_12015_20220302_0855_x86_64.exe_v1.9.0/stm32cubeide_1.9.0/stm32cubeide/plugins/com.st.stm32cube.ide.mcu.externaltools.gnu-tools-for-stm32.10.3-2021.10.win32_1.0.0.202111181127/tools/bin/../lib/gcc/arm-none-eabi/10.3.1/../../../../arm-none-eabi/lib/thumb/v7e-m+fp/hard\libc_nano.a(lib_a-fflush.o)
 .ARM.attributes
                0x000000000000051f       0x34 d:/software/stm32cubeide/en.st-stm32cubeide_1.9.0_12015_20220302_0855_x86_64.exe_v1.9.0/stm32cubeide_1.9.0/stm32cubeide/plugins/com.st.stm32cube.ide.mcu.externaltools.gnu-tools-for-stm32.10.3-2021.10.win32_1.0.0.202111181127/tools/bin/../lib/gcc/arm-none-eabi/10.3.1/../../../../arm-none-eabi/lib/thumb/v7e-m+fp/hard\libc_nano.a(lib_a-findfp.o)
 .ARM.attributes
                0x0000000000000553       0x34 d:/software/stm32cubeide/en.st-stm32cubeide_1.9.0_12015_20220302_0855_x86_64.exe_v1.9.0/stm32cubeide_1.9.0/stm32cubeide/plugins/com.st.stm32cube.ide.mcu.externaltools.gnu-tools-for-stm32.10.3-2021.10.win32_1.0.0.202111181127/tools/bin/../lib/gcc/arm-none-eabi/10.3.1/../../../../arm-none-eabi/lib/thumb/v7e-m+fp/hard\libc_nano.a(lib_a-fwalk.o)
 .ARM.attributes
                0x0000000000000587       0x34 d:/software/stm32cubeide/en.st-stm32cubeide_1.9.0_12015_20220302_0855_x86_64.exe_v1.9.0/stm32cubeide_1.9.0/stm32cubeide/plugins/com.st.stm32cube.ide.mcu.externaltools.gnu-tools-for-stm32.10.3-2021.10.win32_1.0.0.202111181127/tools/bin/../lib/gcc/arm-none-eabi/10.3.1/../../../../arm-none-eabi/lib/thumb/v7e-m+fp/hard\libc_nano.a(lib_a-lock.o)
 .ARM.attributes
                0x00000000000005bb       0x34 d:/software/stm32cubeide/en.st-stm32cubeide_1.9.0_12015_20220302_0855_x86_64.exe_v1.9.0/stm32cubeide_1.9.0/stm32cubeide/plugins/com.st.stm32cube.ide.mcu.externaltools.gnu-tools-for-stm32.10.3-2021.10.win32_1.0.0.202111181127/tools/bin/../lib/gcc/arm-none-eabi/10.3.1/../../../../arm-none-eabi/lib/thumb/v7e-m+fp/hard\libc_nano.a(lib_a-makebuf.o)
 .ARM.attributes
                0x00000000000005ef       0x34 d:/software/stm32cubeide/en.st-stm32cubeide_1.9.0_12015_20220302_0855_x86_64.exe_v1.9.0/stm32cubeide_1.9.0/stm32cubeide/plugins/com.st.stm32cube.ide.mcu.externaltools.gnu-tools-for-stm32.10.3-2021.10.win32_1.0.0.202111181127/tools/bin/../lib/gcc/arm-none-eabi/10.3.1/../../../../arm-none-eabi/lib/thumb/v7e-m+fp/hard\libc_nano.a(lib_a-nano-freer.o)
 .ARM.attributes
                0x0000000000000623       0x34 d:/software/stm32cubeide/en.st-stm32cubeide_1.9.0_12015_20220302_0855_x86_64.exe_v1.9.0/stm32cubeide_1.9.0/stm32cubeide/plugins/com.st.stm32cube.ide.mcu.externaltools.gnu-tools-for-stm32.10.3-2021.10.win32_1.0.0.202111181127/tools/bin/../lib/gcc/arm-none-eabi/10.3.1/../../../../arm-none-eabi/lib/thumb/v7e-m+fp/hard\libc_nano.a(lib_a-nano-mallocr.o)
 .ARM.attributes
                0x0000000000000657       0x34 d:/software/stm32cubeide/en.st-stm32cubeide_1.9.0_12015_20220302_0855_x86_64.exe_v1.9.0/stm32cubeide_1.9.0/stm32cubeide/plugins/com.st.stm32cube.ide.mcu.externaltools.gnu-tools-for-stm32.10.3-2021.10.win32_1.0.0.202111181127/tools/bin/../lib/gcc/arm-none-eabi/10.3.1/../../../../arm-none-eabi/lib/thumb/v7e-m+fp/hard\libc_nano.a(lib_a-sbrkr.o)
 .ARM.attributes
                0x000000000000068b       0x34 d:/software/stm32cubeide/en.st-stm32cubeide_1.9.0_12015_20220302_0855_x86_64.exe_v1.9.0/stm32cubeide_1.9.0/stm32cubeide/plugins/com.st.stm32cube.ide.mcu.externaltools.gnu-tools-for-stm32.10.3-2021.10.win32_1.0.0.202111181127/tools/bin/../lib/gcc/arm-none-eabi/10.3.1/../../../../arm-none-eabi/lib/thumb/v7e-m+fp/hard\libc_nano.a(lib_a-stdio.o)
 .ARM.attributes
                0x00000000000006bf       0x34 d:/software/stm32cubeide/en.st-stm32cubeide_1.9.0_12015_20220302_0855_x86_64.exe_v1.9.0/stm32cubeide_1.9.0/stm32cubeide/plugins/com.st.stm32cube.ide.mcu.externaltools.gnu-tools-for-stm32.10.3-2021.10.win32_1.0.0.202111181127/tools/bin/../lib/gcc/arm-none-eabi/10.3.1/../../../../arm-none-eabi/lib/thumb/v7e-m+fp/hard\libc_nano.a(lib_a-writer.o)
 .ARM.attributes
                0x00000000000006f3       0x34 d:/software/stm32cubeide/en.st-stm32cubeide_1.9.0_12015_20220302_0855_x86_64.exe_v1.9.0/stm32cubeide_1.9.0/stm32cubeide/plugins/com.st.stm32cube.ide.mcu.externaltools.gnu-tools-for-stm32.10.3-2021.10.win32_1.0.0.202111181127/tools/bin/../lib/gcc/arm-none-eabi/10.3.1/../../../../arm-none-eabi/lib/thumb/v7e-m+fp/hard\libc_nano.a(lib_a-closer.o)
 .ARM.attributes
                0x0000000000000727       0x34 d:/software/stm32cubeide/en.st-stm32cubeide_1.9.0_12015_20220302_0855_x86_64.exe_v1.9.0/stm32cubeide_1.9.0/stm32cubeide/plugins/com.st.stm32cube.ide.mcu.externaltools.gnu-tools-for-stm32.10.3-2021.10.win32_1.0.0.202111181127/tools/bin/../lib/gcc/arm-none-eabi/10.3.1/../../../../arm-none-eabi/lib/thumb/v7e-m+fp/hard\libc_nano.a(lib_a-fstatr.o)
 .ARM.attributes
                0x000000000000075b       0x34 d:/software/stm32cubeide/en.st-stm32cubeide_1.9.0_12015_20220302_0855_x86_64.exe_v1.9.0/stm32cubeide_1.9.0/stm32cubeide/plugins/com.st.stm32cube.ide.mcu.externaltools.gnu-tools-for-stm32.10.3-2021.10.win32_1.0.0.202111181127/tools/bin/../lib/gcc/arm-none-eabi/10.3.1/../../../../arm-none-eabi/lib/thumb/v7e-m+fp/hard\libc_nano.a(lib_a-isattyr.o)
 .ARM.attributes
                0x000000000000078f       0x34 d:/software/stm32cubeide/en.st-stm32cubeide_1.9.0_12015_20220302_0855_x86_64.exe_v1.9.0/stm32cubeide_1.9.0/stm32cubeide/plugins/com.st.stm32cube.ide.mcu.externaltools.gnu-tools-for-stm32.10.3-2021.10.win32_1.0.0.202111181127/tools/bin/../lib/gcc/arm-none-eabi/10.3.1/../../../../arm-none-eabi/lib/thumb/v7e-m+fp/hard\libc_nano.a(lib_a-lseekr.o)
 .ARM.attributes
                0x00000000000007c3       0x34 d:/software/stm32cubeide/en.st-stm32cubeide_1.9.0_12015_20220302_0855_x86_64.exe_v1.9.0/stm32cubeide_1.9.0/stm32cubeide/plugins/com.st.stm32cube.ide.mcu.externaltools.gnu-tools-for-stm32.10.3-2021.10.win32_1.0.0.202111181127/tools/bin/../lib/gcc/arm-none-eabi/10.3.1/../../../../arm-none-eabi/lib/thumb/v7e-m+fp/hard\libc_nano.a(lib_a-mlock.o)
 .ARM.attributes
                0x00000000000007f7       0x34 d:/software/stm32cubeide/en.st-stm32cubeide_1.9.0_12015_20220302_0855_x86_64.exe_v1.9.0/stm32cubeide_1.9.0/stm32cubeide/plugins/com.st.stm32cube.ide.mcu.externaltools.gnu-tools-for-stm32.10.3-2021.10.win32_1.0.0.202111181127/tools/bin/../lib/gcc/arm-none-eabi/10.3.1/../../../../arm-none-eabi/lib/thumb/v7e-m+fp/hard\libc_nano.a(lib_a-readr.o)
 .ARM.attributes
                0x000000000000082b       0x34 d:/software/stm32cubeide/en.st-stm32cubeide_1.9.0_12015_20220302_0855_x86_64.exe_v1.9.0/stm32cubeide_1.9.0/stm32cubeide/plugins/com.st.stm32cube.ide.mcu.externaltools.gnu-tools-for-stm32.10.3-2021.10.win32_1.0.0.202111181127/tools/bin/../lib/gcc/arm-none-eabi/10.3.1/../../../../arm-none-eabi/lib/thumb/v7e-m+fp/hard\libc_nano.a(lib_a-reent.o)
 .ARM.attributes
                0x000000000000085f       0x1e d:/software/stm32cubeide/en.st-stm32cubeide_1.9.0_12015_20220302_0855_x86_64.exe_v1.9.0/stm32cubeide_1.9.0/stm32cubeide/plugins/com.st.stm32cube.ide.mcu.externaltools.gnu-tools-for-stm32.10.3-2021.10.win32_1.0.0.202111181127/tools/bin/../lib/gcc/arm-none-eabi/10.3.1/thumb/v7e-m+fp/hard/crtn.o

MAPPING_TABLE
 *(MAPPING_TABLE)

MB_MEM1
 *(MB_MEM1)

MB_MEM2         0x0000000020030000        0x0
                0x0000000020030000                _sMB_MEM2 = .
 *(MB_MEM2)
                0x0000000020030000                _eMB_MEM2 = .
OUTPUT(QuadSPI.elf elf32-littlearm)
LOAD linker stubs
LOAD d:/software/stm32cubeide/en.st-stm32cubeide_1.9.0_12015_20220302_0855_x86_64.exe_v1.9.0/stm32cubeide_1.9.0/stm32cubeide/plugins/com.st.stm32cube.ide.mcu.externaltools.gnu-tools-for-stm32.10.3-2021.10.win32_1.0.0.202111181127/tools/bin/../lib/gcc/arm-none-eabi/10.3.1/../../../../arm-none-eabi/lib/thumb/v7e-m+fp/hard\libc.a
LOAD d:/software/stm32cubeide/en.st-stm32cubeide_1.9.0_12015_20220302_0855_x86_64.exe_v1.9.0/stm32cubeide_1.9.0/stm32cubeide/plugins/com.st.stm32cube.ide.mcu.externaltools.gnu-tools-for-stm32.10.3-2021.10.win32_1.0.0.202111181127/tools/bin/../lib/gcc/arm-none-eabi/10.3.1/../../../../arm-none-eabi/lib/thumb/v7e-m+fp/hard\libm.a
LOAD d:/software/stm32cubeide/en.st-stm32cubeide_1.9.0_12015_20220302_0855_x86_64.exe_v1.9.0/stm32cubeide_1.9.0/stm32cubeide/plugins/com.st.stm32cube.ide.mcu.externaltools.gnu-tools-for-stm32.10.3-2021.10.win32_1.0.0.202111181127/tools/bin/../lib/gcc/arm-none-eabi/10.3.1/thumb/v7e-m+fp/hard\libgcc.a

.debug_info     0x0000000000000000     0xce49
 .debug_info    0x0000000000000000     0x1788 ./Core/Src/main.o
 .debug_info    0x0000000000001788      0xe67 ./Core/Src/stm32wbxx_hal_msp.o
 .debug_info    0x00000000000025ef      0x74c ./Core/Src/stm32wbxx_it.o
 .debug_info    0x0000000000002d3b      0x6e0 ./Core/Src/syscalls.o
 .debug_info    0x000000000000341b      0x171 ./Core/Src/sysmem.o
 .debug_info    0x000000000000358c      0x741 ./Core/Src/system_stm32wbxx.o
 .debug_info    0x0000000000003ccd       0x22 ./Core/Startup/startup_stm32wb55rgvx.o
 .debug_info    0x0000000000003cef     0x1379 ./Drivers/STM32WBxx_HAL_Driver/Src/stm32wbxx_hal.o
 .debug_info    0x0000000000005068      0xd41 ./Drivers/STM32WBxx_HAL_Driver/Src/stm32wbxx_hal_cortex.o
 .debug_info    0x0000000000005da9      0x8cc ./Drivers/STM32WBxx_HAL_Driver/Src/stm32wbxx_hal_dma.o
 .debug_info    0x0000000000006675      0x6ef ./Drivers/STM32WBxx_HAL_Driver/Src/stm32wbxx_hal_gpio.o
 .debug_info    0x0000000000006d64      0x939 ./Drivers/STM32WBxx_HAL_Driver/Src/stm32wbxx_hal_pwr.o
 .debug_info    0x000000000000769d     0x10e2 ./Drivers/STM32WBxx_HAL_Driver/Src/stm32wbxx_hal_pwr_ex.o
 .debug_info    0x000000000000877f     0x136a ./Drivers/STM32WBxx_HAL_Driver/Src/stm32wbxx_hal_qspi.o
 .debug_info    0x0000000000009ae9     0x15ef ./Drivers/STM32WBxx_HAL_Driver/Src/stm32wbxx_hal_rcc.o
 .debug_info    0x000000000000b0d8     0x1d71 ./Drivers/STM32WBxx_HAL_Driver/Src/stm32wbxx_hal_rcc_ex.o

.debug_abbrev   0x0000000000000000     0x2206
 .debug_abbrev  0x0000000000000000      0x362 ./Core/Src/main.o
 .debug_abbrev  0x0000000000000362      0x1fd ./Core/Src/stm32wbxx_hal_msp.o
 .debug_abbrev  0x000000000000055f      0x15f ./Core/Src/stm32wbxx_it.o
 .debug_abbrev  0x00000000000006be      0x1b3 ./Core/Src/syscalls.o
 .debug_abbrev  0x0000000000000871       0xbb ./Core/Src/sysmem.o
 .debug_abbrev  0x000000000000092c      0x136 ./Core/Src/system_stm32wbxx.o
 .debug_abbrev  0x0000000000000a62       0x12 ./Core/Startup/startup_stm32wb55rgvx.o
 .debug_abbrev  0x0000000000000a74      0x356 ./Drivers/STM32WBxx_HAL_Driver/Src/stm32wbxx_hal.o
 .debug_abbrev  0x0000000000000dca      0x30d ./Drivers/STM32WBxx_HAL_Driver/Src/stm32wbxx_hal_cortex.o
 .debug_abbrev  0x00000000000010d7      0x1d7 ./Drivers/STM32WBxx_HAL_Driver/Src/stm32wbxx_hal_dma.o
 .debug_abbrev  0x00000000000012ae      0x1d2 ./Drivers/STM32WBxx_HAL_Driver/Src/stm32wbxx_hal_gpio.o
 .debug_abbrev  0x0000000000001480      0x1fb ./Drivers/STM32WBxx_HAL_Driver/Src/stm32wbxx_hal_pwr.o
 .debug_abbrev  0x000000000000167b      0x314 ./Drivers/STM32WBxx_HAL_Driver/Src/stm32wbxx_hal_pwr_ex.o
 .debug_abbrev  0x000000000000198f      0x238 ./Drivers/STM32WBxx_HAL_Driver/Src/stm32wbxx_hal_qspi.o
 .debug_abbrev  0x0000000000001bc7      0x2f5 ./Drivers/STM32WBxx_HAL_Driver/Src/stm32wbxx_hal_rcc.o
 .debug_abbrev  0x0000000000001ebc      0x34a ./Drivers/STM32WBxx_HAL_Driver/Src/stm32wbxx_hal_rcc_ex.o

.debug_aranges  0x0000000000000000     0x11a8
 .debug_aranges
                0x0000000000000000       0x90 ./Core/Src/main.o
 .debug_aranges
                0x0000000000000090       0x48 ./Core/Src/stm32wbxx_hal_msp.o
 .debug_aranges
                0x00000000000000d8       0x68 ./Core/Src/stm32wbxx_it.o
 .debug_aranges
                0x0000000000000140       0xa8 ./Core/Src/syscalls.o
 .debug_aranges
                0x00000000000001e8       0x20 ./Core/Src/sysmem.o
 .debug_aranges
                0x0000000000000208       0x28 ./Core/Src/system_stm32wbxx.o
 .debug_aranges
                0x0000000000000230       0x30 ./Core/Startup/startup_stm32wb55rgvx.o
 .debug_aranges
                0x0000000000000260      0x280 ./Drivers/STM32WBxx_HAL_Driver/Src/stm32wbxx_hal.o
 .debug_aranges
                0x00000000000004e0      0x108 ./Drivers/STM32WBxx_HAL_Driver/Src/stm32wbxx_hal_cortex.o
 .debug_aranges
                0x00000000000005e8       0x90 ./Drivers/STM32WBxx_HAL_Driver/Src/stm32wbxx_hal_dma.o
 .debug_aranges
                0x0000000000000678       0x58 ./Drivers/STM32WBxx_HAL_Driver/Src/stm32wbxx_hal_gpio.o
 .debug_aranges
                0x00000000000006d0       0xd0 ./Drivers/STM32WBxx_HAL_Driver/Src/stm32wbxx_hal_pwr.o
 .debug_aranges
                0x00000000000007a0      0x288 ./Drivers/STM32WBxx_HAL_Driver/Src/stm32wbxx_hal_pwr_ex.o
 .debug_aranges
                0x0000000000000a28      0x160 ./Drivers/STM32WBxx_HAL_Driver/Src/stm32wbxx_hal_qspi.o
 .debug_aranges
                0x0000000000000b88      0x290 ./Drivers/STM32WBxx_HAL_Driver/Src/stm32wbxx_hal_rcc.o
 .debug_aranges
                0x0000000000000e18      0x390 ./Drivers/STM32WBxx_HAL_Driver/Src/stm32wbxx_hal_rcc_ex.o

.debug_ranges   0x0000000000000000     0x10b0
 .debug_ranges  0x0000000000000000       0x80 ./Core/Src/main.o
 .debug_ranges  0x0000000000000080       0x38 ./Core/Src/stm32wbxx_hal_msp.o
 .debug_ranges  0x00000000000000b8       0x58 ./Core/Src/stm32wbxx_it.o
 .debug_ranges  0x0000000000000110       0x98 ./Core/Src/syscalls.o
 .debug_ranges  0x00000000000001a8       0x10 ./Core/Src/sysmem.o
 .debug_ranges  0x00000000000001b8       0x18 ./Core/Src/system_stm32wbxx.o
 .debug_ranges  0x00000000000001d0       0x28 ./Core/Startup/startup_stm32wb55rgvx.o
 .debug_ranges  0x00000000000001f8      0x270 ./Drivers/STM32WBxx_HAL_Driver/Src/stm32wbxx_hal.o
 .debug_ranges  0x0000000000000468       0xf8 ./Drivers/STM32WBxx_HAL_Driver/Src/stm32wbxx_hal_cortex.o
 .debug_ranges  0x0000000000000560       0x80 ./Drivers/STM32WBxx_HAL_Driver/Src/stm32wbxx_hal_dma.o
 .debug_ranges  0x00000000000005e0       0x48 ./Drivers/STM32WBxx_HAL_Driver/Src/stm32wbxx_hal_gpio.o
 .debug_ranges  0x0000000000000628       0xc0 ./Drivers/STM32WBxx_HAL_Driver/Src/stm32wbxx_hal_pwr.o
 .debug_ranges  0x00000000000006e8      0x278 ./Drivers/STM32WBxx_HAL_Driver/Src/stm32wbxx_hal_pwr_ex.o
 .debug_ranges  0x0000000000000960      0x150 ./Drivers/STM32WBxx_HAL_Driver/Src/stm32wbxx_hal_qspi.o
 .debug_ranges  0x0000000000000ab0      0x280 ./Drivers/STM32WBxx_HAL_Driver/Src/stm32wbxx_hal_rcc.o
 .debug_ranges  0x0000000000000d30      0x380 ./Drivers/STM32WBxx_HAL_Driver/Src/stm32wbxx_hal_rcc_ex.o

.debug_macro    0x0000000000000000    0x218b6
 .debug_macro   0x0000000000000000      0x372 ./Core/Src/main.o
 .debug_macro   0x0000000000000372      0xa78 ./Core/Src/main.o
 .debug_macro   0x0000000000000dea      0x12a ./Core/Src/main.o
 .debug_macro   0x0000000000000f14       0x2e ./Core/Src/main.o
 .debug_macro   0x0000000000000f42       0x2e ./Core/Src/main.o
 .debug_macro   0x0000000000000f70       0x22 ./Core/Src/main.o
 .debug_macro   0x0000000000000f92       0x8e ./Core/Src/main.o
 .debug_macro   0x0000000000001020       0x51 ./Core/Src/main.o
 .debug_macro   0x0000000000001071      0x103 ./Core/Src/main.o
 .debug_macro   0x0000000000001174       0x6a ./Core/Src/main.o
 .debug_macro   0x00000000000011de      0x1df ./Core/Src/main.o
 .debug_macro   0x00000000000013bd       0x1c ./Core/Src/main.o
 .debug_macro   0x00000000000013d9       0x22 ./Core/Src/main.o
 .debug_macro   0x00000000000013fb       0xfb ./Core/Src/main.o
 .debug_macro   0x00000000000014f6     0x1011 ./Core/Src/main.o
 .debug_macro   0x0000000000002507      0x11f ./Core/Src/main.o
 .debug_macro   0x0000000000002626    0x12ae9 ./Core/Src/main.o
 .debug_macro   0x000000000001510f       0x6c ./Core/Src/main.o
 .debug_macro   0x000000000001517b     0x34ba ./Core/Src/main.o
 .debug_macro   0x0000000000018635      0x174 ./Core/Src/main.o
 .debug_macro   0x00000000000187a9       0x5c ./Core/Src/main.o
 .debug_macro   0x0000000000018805      0x3f5 ./Core/Src/main.o
 .debug_macro   0x0000000000018bfa      0x286 ./Core/Src/main.o
 .debug_macro   0x0000000000018e80      0x30d ./Core/Src/main.o
 .debug_macro   0x000000000001918d      0x17e ./Core/Src/main.o
 .debug_macro   0x000000000001930b       0x43 ./Core/Src/main.o
 .debug_macro   0x000000000001934e      0x236 ./Core/Src/main.o
 .debug_macro   0x0000000000019584      0x24a ./Core/Src/main.o
 .debug_macro   0x00000000000197ce      0x57b ./Core/Src/main.o
 .debug_macro   0x0000000000019d49       0x2e ./Core/Src/main.o
 .debug_macro   0x0000000000019d77      0x100 ./Core/Src/main.o
 .debug_macro   0x0000000000019e77      0x1b3 ./Core/Src/main.o
 .debug_macro   0x000000000001a02a      0x1cd ./Core/Src/main.o
 .debug_macro   0x000000000001a1f7      0x381 ./Core/Src/main.o
 .debug_macro   0x000000000001a578      0x13d ./Core/Src/main.o
 .debug_macro   0x000000000001a6b5      0x141 ./Core/Src/main.o
 .debug_macro   0x000000000001a7f6      0x4ff ./Core/Src/main.o
 .debug_macro   0x000000000001acf5      0x295 ./Core/Src/main.o
 .debug_macro   0x000000000001af8a      0x874 ./Core/Src/main.o
 .debug_macro   0x000000000001b7fe      0x259 ./Core/Src/main.o
 .debug_macro   0x000000000001ba57     0x1bb1 ./Core/Src/main.o
 .debug_macro   0x000000000001d608       0xe4 ./Core/Src/main.o
 .debug_macro   0x000000000001d6ec      0x5e6 ./Core/Src/main.o
 .debug_macro   0x000000000001dcd2      0x557 ./Core/Src/main.o
 .debug_macro   0x000000000001e229      0x433 ./Core/Src/main.o
 .debug_macro   0x000000000001e65c       0x28 ./Core/Src/main.o
 .debug_macro   0x000000000001e684       0x52 ./Core/Src/main.o
 .debug_macro   0x000000000001e6d6       0x1e ./Core/Src/main.o
 .debug_macro   0x000000000001e6f4       0x3c ./Core/Src/main.o
 .debug_macro   0x000000000001e730       0x34 ./Core/Src/main.o
 .debug_macro   0x000000000001e764       0x16 ./Core/Src/main.o
 .debug_macro   0x000000000001e77a       0x35 ./Core/Src/main.o
 .debug_macro   0x000000000001e7af      0x341 ./Core/Src/main.o
 .debug_macro   0x000000000001eaf0       0x10 ./Core/Src/main.o
 .debug_macro   0x000000000001eb00       0x16 ./Core/Src/main.o
 .debug_macro   0x000000000001eb16       0x43 ./Core/Src/main.o
 .debug_macro   0x000000000001eb59       0x34 ./Core/Src/main.o
 .debug_macro   0x000000000001eb8d       0x10 ./Core/Src/main.o
 .debug_macro   0x000000000001eb9d       0x58 ./Core/Src/main.o
 .debug_macro   0x000000000001ebf5       0x71 ./Core/Src/main.o
 .debug_macro   0x000000000001ec66       0x1c ./Core/Src/main.o
 .debug_macro   0x000000000001ec82      0x12a ./Core/Src/main.o
 .debug_macro   0x000000000001edac       0x10 ./Core/Src/main.o
 .debug_macro   0x000000000001edbc       0x1c ./Core/Src/main.o
 .debug_macro   0x000000000001edd8       0x52 ./Core/Src/main.o
 .debug_macro   0x000000000001ee2a       0x22 ./Core/Src/main.o
 .debug_macro   0x000000000001ee4c       0x10 ./Core/Src/main.o
 .debug_macro   0x000000000001ee5c       0x52 ./Core/Src/main.o
 .debug_macro   0x000000000001eeae       0xd5 ./Core/Src/main.o
 .debug_macro   0x000000000001ef83       0x1c ./Core/Src/main.o
 .debug_macro   0x000000000001ef9f       0x3d ./Core/Src/main.o
 .debug_macro   0x000000000001efdc       0x16 ./Core/Src/main.o
 .debug_macro   0x000000000001eff2      0x145 ./Core/Src/main.o
 .debug_macro   0x000000000001f137      0x213 ./Core/Src/stm32wbxx_hal_msp.o
 .debug_macro   0x000000000001f34a      0x21d ./Core/Src/stm32wbxx_it.o
 .debug_macro   0x000000000001f567      0x24c ./Core/Src/syscalls.o
 .debug_macro   0x000000000001f7b3       0x4c ./Core/Src/syscalls.o
 .debug_macro   0x000000000001f7ff       0x94 ./Core/Src/syscalls.o
 .debug_macro   0x000000000001f893       0x57 ./Core/Src/syscalls.o
 .debug_macro   0x000000000001f8ea       0x10 ./Core/Src/syscalls.o
 .debug_macro   0x000000000001f8fa       0x10 ./Core/Src/syscalls.o
 .debug_macro   0x000000000001f90a       0x10 ./Core/Src/syscalls.o
 .debug_macro   0x000000000001f91a       0x35 ./Core/Src/syscalls.o
 .debug_macro   0x000000000001f94f      0x12c ./Core/Src/syscalls.o
 .debug_macro   0x000000000001fa7b       0x16 ./Core/Src/syscalls.o
 .debug_macro   0x000000000001fa91       0x16 ./Core/Src/syscalls.o
 .debug_macro   0x000000000001faa7       0x29 ./Core/Src/syscalls.o
 .debug_macro   0x000000000001fad0       0x10 ./Core/Src/syscalls.o
 .debug_macro   0x000000000001fae0      0x241 ./Core/Src/syscalls.o
 .debug_macro   0x000000000001fd21       0x1c ./Core/Src/syscalls.o
 .debug_macro   0x000000000001fd3d       0x10 ./Core/Src/syscalls.o