../Drivers/CMSIS/Include/core_cm4.h:2059:26:ITM_SendChar	16	static,ignoring_inline_asm
../Drivers/STM32WBxx_HAL_Driver/Inc/stm32wbxx_ll_bus.h:539:22:LL_AHB2_GRP1_EnableClock	24	static
../Core/Src/main.c:60:5:__io_putchar	16	static
../Core/Src/main.c:71:5:main	8	static
../Core/Src/main.c:130:6:SystemClock_Config	112	static
../Core/Src/main.c:184:6:PeriphCommonClock_Config	88	static
../Core/Src/main.c:208:13:MX_QUADSPI_Init	8	static
../Core/Src/main.c:241:13:MX_GPIO_Init	32	static
../Core/Src/main.c:270:6:Error_Handler	4	static,ignoring_inline_asm
