../Drivers/CMSIS/Include/core_cm4.h:2059:26:ITM_SendChar	16	static,ignoring_inline_asm
../Drivers/STM32WBxx_HAL_Driver/Inc/stm32wbxx_ll_bus.h:539:22:LL_AHB2_GRP1_EnableClock	24	static
../Core/Src/main.c:62:5:__io_putchar	16	static
../Core/Src/main.c:67:5:W25QxxReadFlashID	64	static
../Core/Src/main.c:108:5:W25QxxReadStatus	72	static
../Core/Src/main.c:135:5:W25QxxWriteStatus	72	static
../Core/Src/main.c:159:5:W25QXXWriteEnable	64	static
../Core/Src/main.c:190:5:W25QXXReadRaw	64	static
../Core/Src/main.c:225:5:W25QXXWriteRaw	64	static
../Core/Src/main.c:266:5:main	16	static
../Core/Src/main.c:342:6:SystemClock_Config	112	static
../Core/Src/main.c:396:6:PeriphCommonClock_Config	88	static
../Core/Src/main.c:420:13:MX_QUADSPI_Init	8	static
../Core/Src/main.c:453:13:MX_GPIO_Init	32	static
../Core/Src/main.c:482:6:Error_Handler	4	static,ignoring_inline_asm
